Archive member included to satisfy reference by file (symbol)

C:/Program Files/SEGGER/SEGGER Embedded Studio for ARM 5.68/lib/libc_v7em_fpv4_sp_d16_hard_t_le_eabi.a(libc_asm.o)
                              Output/Release/Obj/MCPDriver/bsp.o (__aeabi_uldivmod)
C:/Program Files/SEGGER/SEGGER Embedded Studio for ARM 5.68/lib/libc_v7em_fpv4_sp_d16_hard_t_le_eabi.a(libc2.o)
                              Output/Release/Obj/MCPDriver/nrf_log_str_formatter.o (isprint)
C:/Program Files/SEGGER/SEGGER Embedded Studio for ARM 5.68/lib/libc_v7em_fpv4_sp_d16_hard_t_le_eabi.a(libc2_asm.o)
                              Output/Release/Obj/MCPDriver/nrf_log_frontend.o (memcpy)
C:/Program Files/SEGGER/SEGGER Embedded Studio for ARM 5.68/lib/libc_v7em_fpv4_sp_d16_hard_t_le_eabi.a(libvfprintf.o)
                              (__vfprintf_long)
C:/Program Files/SEGGER/SEGGER Embedded Studio for ARM 5.68/lib/libc_v7em_fpv4_sp_d16_hard_t_le_eabi.a(libvfscanf.o)
                              (__vfscanf_long)
C:/Program Files/SEGGER/SEGGER Embedded Studio for ARM 5.68/lib/libc_v7em_fpv4_sp_d16_hard_t_le_eabi.a(libc.o)
                              C:/Program Files/SEGGER/SEGGER Embedded Studio for ARM 5.68/lib/libc_v7em_fpv4_sp_d16_hard_t_le_eabi.a(libc2.o) (__heap_lock)
C:/Program Files/SEGGER/SEGGER Embedded Studio for ARM 5.68/lib/libdebugio_v7em_fpv4_sp_d16_hard_t_le_eabi.a(libdebugio.o)
                              Output/Release/Obj/MCPDriver/thumb_crt0.o (debug_fopen)
C:/Program Files/SEGGER/SEGGER Embedded Studio for ARM 5.68/lib/libdebugio_v7em_fpv4_sp_d16_hard_t_le_eabi.a(do_nv_debug_operation.o)
                              C:/Program Files/SEGGER/SEGGER Embedded Studio for ARM 5.68/lib/libdebugio_v7em_fpv4_sp_d16_hard_t_le_eabi.a(libdebugio.o) (__do_nvdebug_operation)
C:/Program Files/SEGGER/SEGGER Embedded Studio for ARM 5.68/lib/libdebugio_v7em_fpv4_sp_d16_hard_t_le_eabi.a(mempoll_debug_operations.o)
                              (__do_debug_operation_mempoll)
C:/Program Files/SEGGER/SEGGER Embedded Studio for ARM 5.68/lib/libm_v7em_fpv4_sp_d16_hard_t_le_eabi.a(libm_asm.o)
                              C:/Program Files/SEGGER/SEGGER Embedded Studio for ARM 5.68/lib/libc_v7em_fpv4_sp_d16_hard_t_le_eabi.a(libc2.o) (__aeabi_dadd)
C:/Program Files/SEGGER/SEGGER Embedded Studio for ARM 5.68/lib/libm_v7em_fpv4_sp_d16_hard_t_le_eabi.a(libm2.o)
                              C:/Program Files/SEGGER/SEGGER Embedded Studio for ARM 5.68/lib/libc_v7em_fpv4_sp_d16_hard_t_le_eabi.a(libvfprintf.o) (frexp)

Discarded input sections

 .text          0x0000000000000000        0x0 Output/Release/Obj/MCPDriver/thumb_crt0.o
 .data          0x0000000000000000        0x0 Output/Release/Obj/MCPDriver/thumb_crt0.o
 .bss           0x0000000000000000        0x0 Output/Release/Obj/MCPDriver/thumb_crt0.o
 .text.__aeabi_read_tp
                0x0000000000000000        0x8 Output/Release/Obj/MCPDriver/thumb_crt0.o
 .text.abort    0x0000000000000000        0x2 Output/Release/Obj/MCPDriver/thumb_crt0.o
 .text.__assert
                0x0000000000000000        0x2 Output/Release/Obj/MCPDriver/thumb_crt0.o
 .text.__assert_func
                0x0000000000000000        0x2 Output/Release/Obj/MCPDriver/thumb_crt0.o
 .text.__aeabi_assert
                0x0000000000000000        0x2 Output/Release/Obj/MCPDriver/thumb_crt0.o
 .text.__sync_synchronize
                0x0000000000000000        0x2 Output/Release/Obj/MCPDriver/thumb_crt0.o
 .text.__getchar
                0x0000000000000000        0x4 Output/Release/Obj/MCPDriver/thumb_crt0.o
 .text.__putchar
                0x0000000000000000        0x4 Output/Release/Obj/MCPDriver/thumb_crt0.o
 .text.__open   0x0000000000000000        0x4 Output/Release/Obj/MCPDriver/thumb_crt0.o
 .text.__close  0x0000000000000000        0x4 Output/Release/Obj/MCPDriver/thumb_crt0.o
 .text.__write  0x0000000000000000        0xa Output/Release/Obj/MCPDriver/thumb_crt0.o
 .text.__read   0x0000000000000000        0xa Output/Release/Obj/MCPDriver/thumb_crt0.o
 .text.__seek   0x0000000000000000       0x1a Output/Release/Obj/MCPDriver/thumb_crt0.o
 .text.remove   0x0000000000000000        0x4 Output/Release/Obj/MCPDriver/thumb_crt0.o
 .text.rename   0x0000000000000000        0x4 Output/Release/Obj/MCPDriver/thumb_crt0.o
 .bss.__user_locale_name_buffer
                0x0000000000000000        0x4 Output/Release/Obj/MCPDriver/thumb_crt0.o
 .stack         0x0000000000000000        0x0 Output/Release/Obj/MCPDriver/thumb_crt0.o
 .stack_process
                0x0000000000000000        0x0 Output/Release/Obj/MCPDriver/thumb_crt0.o
 .heap          0x0000000000000000        0x0 Output/Release/Obj/MCPDriver/thumb_crt0.o
 .group         0x0000000000000000        0xc Output/Release/Obj/MCPDriver/bsp.o
 .group         0x0000000000000000        0xc Output/Release/Obj/MCPDriver/bsp.o
 .group         0x0000000000000000        0xc Output/Release/Obj/MCPDriver/bsp.o
[...]
Memory Configuration

Name             Origin             Length             Attributes
UNPLACED_SECTIONS 0x0000000100000000 0x0000000000000000 xw
RAM1             0x0000000020000000 0x0000000000040000 xw
FLASH            0x0000000000000000 0x0000000000100000 xw
*default*        0x0000000000000000 0xffffffffffffffff

Linker script and memory map

                0x0000000000000000                __do_debug_operation = __do_debug_operation_mempoll
                0x0000000000000000                __vfprintf = __vfprintf_long
                0x0000000000000000                __vfscanf = __vfscanf_long
                0x0000000020000000                __RAM1_segment_start__ = 0x20000000
                0x0000000020040000                __RAM1_segment_end__ = 0x20040000
                0x0000000000040000                __RAM1_segment_size__ = 0x40000
                0x0000000000000000                __FLASH_segment_start__ = 0x0
                0x0000000000100000                __FLASH_segment_end__ = 0x100000
                0x0000000000100000                __FLASH_segment_size__ = 0x100000
                0x0000000000002000                __HEAPSIZE__ = 0x2000
                0x0000000000000000                __STACKSIZE_PROCESS__ = 0x0
                0x0000000000002000                __STACKSIZE__ = 0x2000
                0x0000000020000000                __reserved_ram_load_start__ = 0x20000000

.reserved_ram   0x0000000020000000        0x0
                0x0000000020000000                __reserved_ram_start__ = .
 *(.reserved_ram .reserved_ram.*)
                0x0000000020000000                . = MAX (((__reserved_ram_start__ + 0x20000000) - 0x20000000), .)
                0x0000000020000000                __reserved_ram_end__ = (__reserved_ram_start__ + SIZEOF (.reserved_ram))
                0x0000000000000000                __reserved_ram_size__ = SIZEOF (.reserved_ram)
                0x0000000020000000                __reserved_ram_load_end__ = __reserved_ram_end__
                0x0000000000000001                . = ASSERT (((__reserved_ram_start__ == __reserved_ram_end__) || ((__reserved_ram_end__ - __RAM1_segment_start__) <= __RAM1_segment_size__)), error: .reserved_ram is too large to fit in RAM1 memory segment)
                0x0000000020000000                __vectors_ram_load_start__ = 0x20000000

.vectors_ram    0x0000000020000000        0x0
                0x0000000020000000                __vectors_ram_start__ = .
                0x0000000020000000                __app_ram_start__ = __vectors_ram_start__
 *(.vectors_ram .vectors_ram.*)
                0x0000000020000000                __vectors_ram_end__ = (__vectors_ram_start__ + SIZEOF (.vectors_ram))
                0x0000000000000000                __vectors_ram_size__ = SIZEOF (.vectors_ram)
                0x0000000020000000                __vectors_ram_load_end__ = __vectors_ram_end__
                0x0000000000000001                . = ASSERT (((__vectors_ram_start__ == __vectors_ram_end__) || ((__vectors_ram_end__ - __RAM1_segment_start__) <= __RAM1_segment_size__)), error: .vectors_ram is too large to fit in RAM1 memory segment)
                0x0000000000000001                . = ASSERT ((__reserved_ram_end__ <= __vectors_ram_start__), error: section .reserved_ram overlaps absolute placed section .vectors_ram)
                0x0000000020000000                __nrf_sections_run_load_start__ = ALIGN (__vectors_ram_end__, 0x4)

.nrf_sections_run
                0x0000000020000000        0x0
                0x0000000020000000                __nrf_sections_run_start__ = .
                0x0000000020000000                __start_nrf_sections_run = __nrf_sections_run_start__
 *(.nrf_sections_run .nrf_sections_run.*)
                0x0000000020000000                __nrf_sections_run_end__ = (__nrf_sections_run_start__ + SIZEOF (.nrf_sections_run))
                0x0000000000000000                __nrf_sections_run_size__ = SIZEOF (.nrf_sections_run)
                0x0000000020000000                __nrf_sections_run_load_end__ = __nrf_sections_run_end__
                0x0000000000000001                . = ASSERT (((__nrf_sections_run_start__ == __nrf_sections_run_end__) || ((__nrf_sections_run_end__ - __RAM1_segment_start__) <= __RAM1_segment_size__)), error: .nrf_sections_run is too large to fit in RAM1 memory segment)
                0x0000000000000000                __reserved_flash_load_start__ = 0x0

.reserved_flash
                0x0000000000000000        0x0
                0x0000000000000000                __reserved_flash_start__ = .
 *(.reserved_flash .reserved_flash.*)
                0x0000000000000000                . = MAX (((__reserved_flash_start__ + 0x0) - 0x0), .)
                0x0000000000000000                __reserved_flash_end__ = (__reserved_flash_start__ + SIZEOF (.reserved_flash))
                0x0000000000000000                __reserved_flash_size__ = SIZEOF (.reserved_flash)
                0x0000000000000000                __reserved_flash_load_end__ = __reserved_flash_end__
                0x0000000000000001                . = ASSERT (((__reserved_flash_start__ == __reserved_flash_end__) || ((__reserved_flash_end__ - __FLASH_segment_start__) <= __FLASH_segment_size__)), error: .reserved_flash is too large to fit in FLASH memory segment)
                0x0000000000000000                __vectors_load_start__ = 0x0

.vectors        0x0000000000000000      0x200
                0x0000000000000000                __vectors_start__ = .
 *(.vectors .vectors.*)
 .vectors       0x0000000000000000      0x200 Output/Release/Obj/MCPDriver/ses_startup_nrf52840.o
                0x0000000000000000                _vectors
                0x0000000000000200                __vectors_end__ = (__vectors_start__ + SIZEOF (.vectors))
                0x0000000000000200                __vectors_size__ = SIZEOF (.vectors)
                0x0000000000000200                __vectors_load_end__ = __vectors_end__
                0x0000000000000001                . = ASSERT (((__vectors_start__ == __vectors_end__) || ((__vectors_end__ - __FLASH_segment_start__) <= __FLASH_segment_size__)), error: .vectors is too large to fit in FLASH memory segment)
                0x0000000000000001                . = ASSERT ((__reserved_flash_end__ <= __vectors_start__), error: section .reserved_flash overlaps absolute placed section .vectors)
                0x0000000000000200                __init_load_start__ = ALIGN (__vectors_end__, 0x4)

.init           0x0000000000000200      0x1d0
                0x0000000000000200                __init_start__ = .
 *(.init .init.*)
 .init          0x0000000000000200      0x15c Output/Release/Obj/MCPDriver/thumb_crt0.o
                0x0000000000000200                _start
                0x00000000000002b4                exit
 .init          0x000000000000035c       0x5c Output/Release/Obj/MCPDriver/ses_startup_nrf_common.o
                0x000000000000035c                Reset_Handler
                0x0000000000000360                afterInitialize
                0x0000000000000384                InitializeUserMemorySections
 .init          0x00000000000003b8       0x18 Output/Release/Obj/MCPDriver/ses_startup_nrf52840.o
                0x00000000000003b8                NMI_Handler
                0x00000000000003ba                HardFault_Handler
                0x00000000000003bc                MemoryManagement_Handler
                0x00000000000003be                BusFault_Handler
                0x00000000000003c0                UsageFault_Handler
                0x00000000000003c2                SVC_Handler
                0x00000000000003c4                DebugMon_Handler
                0x00000000000003c6                PendSV_Handler
                0x00000000000003c8                SysTick_Handler
                0x00000000000003ca                RADIO_IRQHandler
                0x00000000000003ca                PDM_IRQHandler
                0x00000000000003ca                TEMP_IRQHandler
                0x00000000000003ca                RTC0_IRQHandler
                0x00000000000003ca                PWM1_IRQHandler
                0x00000000000003ca                TIMER3_IRQHandler
                0x00000000000003ca                PWM3_IRQHandler
                0x00000000000003ca                FPU_IRQHandler
                0x00000000000003ca                USBD_IRQHandler
                0x00000000000003ca                QSPI_IRQHandler
                0x00000000000003ca                TIMER4_IRQHandler
                0x00000000000003ca                CRYPTOCELL_IRQHandler
                0x00000000000003ca                QDEC_IRQHandler
                0x00000000000003ca                SWI4_EGU4_IRQHandler
                0x00000000000003ca                TIMER0_IRQHandler
                0x00000000000003ca                UARTE1_IRQHandler
                0x00000000000003ca                Dummy_Handler
                0x00000000000003ca                TIMER1_IRQHandler
                0x00000000000003ca                SPIM3_IRQHandler
                0x00000000000003ca                PWM2_IRQHandler
                0x00000000000003ca                ECB_IRQHandler
                0x00000000000003ca                SPIM1_SPIS1_TWIM1_TWIS1_SPI1_TWI1_IRQHandler
                0x00000000000003ca                SAADC_IRQHandler
                0x00000000000003ca                CCM_AAR_IRQHandler
                0x00000000000003ca                WDT_IRQHandler
                0x00000000000003ca                SWI0_EGU0_IRQHandler
                0x00000000000003ca                SWI5_EGU5_IRQHandler
                0x00000000000003ca                RTC2_IRQHandler
                0x00000000000003ca                PWM0_IRQHandler
                0x00000000000003ca                SWI3_EGU3_IRQHandler
                0x00000000000003ca                SWI1_EGU1_IRQHandler
                0x00000000000003ca                SPIM2_SPIS2_SPI2_IRQHandler
                0x00000000000003ca                NFCT_IRQHandler
                0x00000000000003ca                I2S_IRQHandler
                0x00000000000003ca                MWU_IRQHandler
                0x00000000000003ca                TIMER2_IRQHandler
                0x00000000000003ca                COMP_LPCOMP_IRQHandler
                0x00000000000003cc                nRFInitialize
                0x00000000000003d0                __init_end__ = (__init_start__ + SIZEOF (.init))
                0x00000000000001d0                __init_size__ = SIZEOF (.init)
                0x00000000000003d0                __init_load_end__ = __init_end__
                0x0000000000000001                . = ASSERT (((__init_start__ == __init_end__) || ((__init_end__ - __FLASH_segment_start__) <= __FLASH_segment_size__)), error: .init is too large to fit in FLASH memory segment)
                0x00000000000003d0                __init_rodata_load_start__ = ALIGN (__init_end__, 0x4)

.init_rodata    0x00000000000003d0        0x0
                0x00000000000003d0                __init_rodata_start__ = .
 *(.init_rodata .init_rodata.*)
                0x00000000000003d0                __init_rodata_end__ = (__init_rodata_start__ + SIZEOF (.init_rodata))
                0x0000000000000000                __init_rodata_size__ = SIZEOF (.init_rodata)
                0x00000000000003d0                __init_rodata_load_end__ = __init_rodata_end__
                0x0000000000000001                . = ASSERT (((__init_rodata_start__ == __init_rodata_end__) || ((__init_rodata_end__ - __FLASH_segment_start__) <= __FLASH_segment_size__)), error: .init_rodata is too large to fit in FLASH memory segment)
                0x00000000000003d0                __text_load_start__ = ALIGN (__init_rodata_end__, 0x4)

.text           0x00000000000003d0     0x3398
                0x00000000000003d0                __text_start__ = .
 *(.text .text.* .glue_7t .glue_7 .gnu.linkonce.t.* .gcc_except_table .ARM.extab* .gnu.linkonce.armextab.*)
 .glue_7        0x00000000000003d0        0x0 linker stubs
 .glue_7t       0x00000000000003d0        0x0 linker stubs
 .text.alert_timer_handler
                0x00000000000003d0        0x6 Output/Release/Obj/MCPDriver/bsp.o
 *fill*         0x00000000000003d6        0x2 
 .text.bsp_button_event_handler
                0x00000000000003d8       0x9c Output/Release/Obj/MCPDriver/bsp.o
 .text.button_timer_handler
                0x0000000000000474        0x8 Output/Release/Obj/MCPDriver/bsp.o
 .text.leds_off
                0x000000000000047c       0x2c Output/Release/Obj/MCPDriver/bsp.o
 .text.bsp_led_indication
                0x00000000000004a8      0x200 Output/Release/Obj/MCPDriver/bsp.o
 .text.leds_timer_handler
                0x00000000000006a8       0x1c Output/Release/Obj/MCPDriver/bsp.o
 .text.bsp_init
                0x00000000000006c4       0x9c Output/Release/Obj/MCPDriver/bsp.o
                0x00000000000006c4                bsp_init
 .text.spim_evt_handler
                0x0000000000000760       0x3c Output/Release/Obj/MCPDriver/nrf_drv_spi.o
 .text.nrf_drv_spi_init
                0x000000000000079c       0x64 Output/Release/Obj/MCPDriver/nrf_drv_spi.o
                0x000000000000079c                nrf_drv_spi_init
 .text.nrf_clock_event_clear
                0x0000000000000800       0x14 Output/Release/Obj/MCPDriver/nrfx_clock.o
 .text.POWER_CLOCK_IRQHandler
                0x0000000000000814       0x98 Output/Release/Obj/MCPDriver/nrfx_clock.o
                0x0000000000000814                POWER_CLOCK_IRQHandler
 .text.nrf_gpiote_event_clear
                0x00000000000008ac       0x18 Output/Release/Obj/MCPDriver/nrfx_gpiote.o
 .text.nrf_gpio_pin_port_decode
                0x00000000000008c4       0x18 Output/Release/Obj/MCPDriver/nrfx_gpiote.o
 .text.nrf_gpio_cfg_sense_set
                0x00000000000008dc       0x2e Output/Release/Obj/MCPDriver/nrfx_gpiote.o
 *fill*         0x000000000000090a        0x2 
 .text.channel_free
                0x000000000000090c       0x1c Output/Release/Obj/MCPDriver/nrfx_gpiote.o
 .text.nrfx_gpiote_init
                0x0000000000000928       0x88 Output/Release/Obj/MCPDriver/nrfx_gpiote.o
                0x0000000000000928                nrfx_gpiote_init
 .text.nrfx_gpiote_is_init
                0x00000000000009b0       0x14 Output/Release/Obj/MCPDriver/nrfx_gpiote.o
                0x00000000000009b0                nrfx_gpiote_is_init
 .text.nrfx_gpiote_in_init
                0x00000000000009c4      0x100 Output/Release/Obj/MCPDriver/nrfx_gpiote.o
                0x00000000000009c4                nrfx_gpiote_in_init
 .text.nrfx_gpiote_in_event_enable
                0x0000000000000ac4       0x9c Output/Release/Obj/MCPDriver/nrfx_gpiote.o
                0x0000000000000ac4                nrfx_gpiote_in_event_enable
 .text.nrfx_gpiote_in_is_set
                0x0000000000000b60       0x1c Output/Release/Obj/MCPDriver/nrfx_gpiote.o
                0x0000000000000b60                nrfx_gpiote_in_is_set
 .text.GPIOTE_IRQHandler
                0x0000000000000b7c      0x17c Output/Release/Obj/MCPDriver/nrfx_gpiote.o
                0x0000000000000b7c                GPIOTE_IRQHandler
 .text.UARTE0_UART0_IRQHandler
                0x0000000000000cf8        0xc Output/Release/Obj/MCPDriver/nrfx_prs.o
                0x0000000000000cf8                UARTE0_UART0_IRQHandler
 .text.nrfx_prs_acquire
                0x0000000000000d04       0x38 Output/Release/Obj/MCPDriver/nrfx_prs.o
                0x0000000000000d04                nrfx_prs_acquire
 .text.RNG_IRQHandler
                0x0000000000000d3c       0x28 Output/Release/Obj/MCPDriver/nrfx_rng.o
                0x0000000000000d3c                RNG_IRQHandler
 .text.nrf_gpio_pin_clear
                0x0000000000000d64       0x20 Output/Release/Obj/MCPDriver/nrfx_spim.o
 .text.nrf_gpio_pin_set
                0x0000000000000d84       0x20 Output/Release/Obj/MCPDriver/nrfx_spim.o
 .text.SPIM0_SPIS0_TWIM0_TWIS0_SPI0_TWI0_IRQHandler
                0x0000000000000da4       0x54 Output/Release/Obj/MCPDriver/nrfx_spim.o
                0x0000000000000da4                SPIM0_SPIS0_TWIM0_TWIS0_SPI0_TWI0_IRQHandler
 .text.nrfx_spim_init
                0x0000000000000df8      0x1d0 Output/Release/Obj/MCPDriver/nrfx_spim.o
                0x0000000000000df8                nrfx_spim_init
 .text.nrfx_spim_xfer
                0x0000000000000fc8      0x114 Output/Release/Obj/MCPDriver/nrfx_spim.o
                0x0000000000000fc8                nrfx_spim_xfer
 .text.bsp_board_led_state_get
                0x00000000000010dc       0x28 Output/Release/Obj/MCPDriver/boards.o
                0x00000000000010dc                bsp_board_led_state_get
 .text.bsp_board_led_on
                0x0000000000001104       0x28 Output/Release/Obj/MCPDriver/boards.o
                0x0000000000001104                bsp_board_led_on
 .text.bsp_board_led_off
                0x000000000000112c       0x28 Output/Release/Obj/MCPDriver/boards.o
                0x000000000000112c                bsp_board_led_off
 .text.bsp_board_leds_off
                0x0000000000001154       0x1e Output/Release/Obj/MCPDriver/boards.o
                0x0000000000001154                bsp_board_leds_off
 .text.bsp_board_leds_on
                0x0000000000001172       0x1e Output/Release/Obj/MCPDriver/boards.o
                0x0000000000001172                bsp_board_leds_on
 .text.bsp_board_led_invert
                0x0000000000001190       0x34 Output/Release/Obj/MCPDriver/boards.o
                0x0000000000001190                bsp_board_led_invert
 .text.bsp_board_pin_to_button_idx
                0x00000000000011c4       0x24 Output/Release/Obj/MCPDriver/boards.o
                0x00000000000011c4                bsp_board_pin_to_button_idx
 .text.bsp_board_init
                0x00000000000011e8       0x3e Output/Release/Obj/MCPDriver/boards.o
                0x00000000000011e8                bsp_board_init
 .text.nrf_log_backend_serial_put
                0x0000000000001226       0xc2 Output/Release/Obj/MCPDriver/nrf_log_backend_serial.o
                0x0000000000001226                nrf_log_backend_serial_put
 .text.nrf_log_default_backends_init
                0x00000000000012e8       0x20 Output/Release/Obj/MCPDriver/nrf_log_default_backends.o
                0x00000000000012e8                nrf_log_default_backends_init
 .text.invalid_packets_omit
                0x0000000000001308       0x3a Output/Release/Obj/MCPDriver/nrf_log_frontend.o
 *fill*         0x0000000000001342        0x2 
 .text.buf_prealloc
                0x0000000000001344      0x11c Output/Release/Obj/MCPDriver/nrf_log_frontend.o
 .text.nrf_log_init
                0x0000000000001460       0x28 Output/Release/Obj/MCPDriver/nrf_log_frontend.o
                0x0000000000001460                nrf_log_init
 .text.nrf_log_module_name_get
                0x0000000000001488       0x38 Output/Release/Obj/MCPDriver/nrf_log_frontend.o
                0x0000000000001488                nrf_log_module_name_get
 .text.nrf_log_color_id_get
                0x00000000000014c0       0x2c Output/Release/Obj/MCPDriver/nrf_log_frontend.o
                0x00000000000014c0                nrf_log_color_id_get
 .text.buffer_is_empty
                0x00000000000014ec       0x14 Output/Release/Obj/MCPDriver/nrf_log_frontend.o
                0x00000000000014ec                buffer_is_empty
 .text.nrf_log_frontend_dequeue
                0x0000000000001500      0x200 Output/Release/Obj/MCPDriver/nrf_log_frontend.o
                0x0000000000001500                nrf_log_frontend_dequeue
 .text.std_n    0x0000000000001700       0x8c Output/Release/Obj/MCPDriver/nrf_log_frontend.o
 .text.nrf_log_frontend_std_0
                0x000000000000178c        0x8 Output/Release/Obj/MCPDriver/nrf_log_frontend.o
                0x000000000000178c                nrf_log_frontend_std_0
 .text.nrf_log_frontend_std_1
                0x0000000000001794       0x12 Output/Release/Obj/MCPDriver/nrf_log_frontend.o
                0x0000000000001794                nrf_log_frontend_std_1
 .text.nrf_log_frontend_std_3
                0x00000000000017a6       0x18 Output/Release/Obj/MCPDriver/nrf_log_frontend.o
                0x00000000000017a6                nrf_log_frontend_std_3
 *fill*         0x00000000000017be        0x2 
 .text.nrf_log_backend_add
                0x00000000000017c0       0x44 Output/Release/Obj/MCPDriver/nrf_log_frontend.o
                0x00000000000017c0                nrf_log_backend_add
 .text.nrf_log_panic
                0x0000000000001804       0x28 Output/Release/Obj/MCPDriver/nrf_log_frontend.o
                0x0000000000001804                nrf_log_panic
 .text.prefix_process
                0x000000000000182c       0x7c Output/Release/Obj/MCPDriver/nrf_log_str_formatter.o
 .text.postfix_process
                0x00000000000018a8       0x44 Output/Release/Obj/MCPDriver/nrf_log_str_formatter.o
 .text.nrf_log_std_entry_process
                0x00000000000018ec       0xc8 Output/Release/Obj/MCPDriver/nrf_log_str_formatter.o
                0x00000000000018ec                nrf_log_std_entry_process
 .text.nrf_log_hexdump_entry_process
                0x00000000000019b4       0xc0 Output/Release/Obj/MCPDriver/nrf_log_str_formatter.o
                0x00000000000019b4                nrf_log_hexdump_entry_process
 .text.nrf_log_backend_rtt_flush
                0x0000000000001a74        0x2 Output/Release/Obj/MCPDriver/nrf_log_backend_rtt.o
 *fill*         0x0000000000001a76        0x2 
 .text.nrf_log_backend_rtt_put
                0x0000000000001a78       0x1c Output/Release/Obj/MCPDriver/nrf_log_backend_rtt.o
 .text.serial_tx
                0x0000000000001a94       0x50 Output/Release/Obj/MCPDriver/nrf_log_backend_rtt.o
 .text.nrf_log_backend_rtt_panic_set
                0x0000000000001ae4        0x2 Output/Release/Obj/MCPDriver/nrf_log_backend_rtt.o
 .text.nrf_log_backend_rtt_init
                0x0000000000001ae6        0x4 Output/Release/Obj/MCPDriver/nrf_log_backend_rtt.o
                0x0000000000001ae6                nrf_log_backend_rtt_init
 *fill*         0x0000000000001aea        0x2 
 .text.bsp_event_handler
                0x0000000000001aec       0xec Output/Release/Obj/MCPDriver/main.o
                0x0000000000001aec                bsp_event_handler
 .text.nrf_delay_ms.part.0
                0x0000000000001bd8       0x1c Output/Release/Obj/MCPDriver/main.o
 .text.startup.main
                0x0000000000001bf4       0xa4 Output/Release/Obj/MCPDriver/main.o
                0x0000000000001bf4                main
 .text._GetAvailWriteSpace
                0x0000000000001c98       0x12 Output/Release/Obj/MCPDriver/SEGGER_RTT.o
 .text._WriteNoCheck
                0x0000000000001caa       0x38 Output/Release/Obj/MCPDriver/SEGGER_RTT.o
 .text._WriteBlocking
                0x0000000000001ce2       0x52 Output/Release/Obj/MCPDriver/SEGGER_RTT.o
 .text._DoInit  0x0000000000001d34       0x6c Output/Release/Obj/MCPDriver/SEGGER_RTT.o
 .text.SEGGER_RTT_WriteNoLock
                0x0000000000001da0       0x60 Output/Release/Obj/MCPDriver/SEGGER_RTT.o
                0x0000000000001da0                SEGGER_RTT_WriteNoLock
 .text.SEGGER_RTT_Init
                0x0000000000001e00        0x4 Output/Release/Obj/MCPDriver/SEGGER_RTT.o
                0x0000000000001e00                SEGGER_RTT_Init
 .text.sd_app_evt_wait
                0x0000000000001e04        0x4 Output/Release/Obj/MCPDriver/mcp_can.o
 .text.spi_can_event_handler
                0x0000000000001e08       0x10 Output/Release/Obj/MCPDriver/mcp_can.o
                0x0000000000001e08                spi_can_event_handler
 .text.nrf_drv_spi_transfer.constprop.0
                0x0000000000001e18       0x20 Output/Release/Obj/MCPDriver/mcp_can.o
 .text.nrf_delay_ms.part.0.constprop.0
                0x0000000000001e38       0x1c Output/Release/Obj/MCPDriver/mcp_can.o
 .text.mcp2515_int_pin_handler
                0x0000000000001e54       0x34 Output/Release/Obj/MCPDriver/mcp_can.o
                0x0000000000001e54                mcp2515_int_pin_handler
 .text.mcp2515_select
                0x0000000000001e88       0x28 Output/Release/Obj/MCPDriver/mcp_can.o
                0x0000000000001e88                mcp2515_select
 .text.mcp2515_unselect
                0x0000000000001eb0       0x28 Output/Release/Obj/MCPDriver/mcp_can.o
                0x0000000000001eb0                mcp2515_unselect
 .text.mcp2515_reset
                0x0000000000001ed8       0x44 Output/Release/Obj/MCPDriver/mcp_can.o
                0x0000000000001ed8                mcp2515_reset
 .text.mcp2515_readRegister
                0x0000000000001f1c       0x58 Output/Release/Obj/MCPDriver/mcp_can.o
                0x0000000000001f1c                mcp2515_readRegister
 .text.mcp2515_setRegister
                0x0000000000001f74       0x4c Output/Release/Obj/MCPDriver/mcp_can.o
                0x0000000000001f74                mcp2515_setRegister
 .text.mcp2515_setRegisterS
                0x0000000000001fc0       0x6c Output/Release/Obj/MCPDriver/mcp_can.o
                0x0000000000001fc0                mcp2515_setRegisterS
 .text.mcp2515_modifyRegister
                0x000000000000202c       0x54 Output/Release/Obj/MCPDriver/mcp_can.o
                0x000000000000202c                mcp2515_modifyRegister
 .text.mcp2515_setCANCTRL_Mode
                0x0000000000002080       0x2a Output/Release/Obj/MCPDriver/mcp_can.o
                0x0000000000002080                mcp2515_setCANCTRL_Mode
 *fill*         0x00000000000020aa        0x2 
 .text.mcp2515_configRate
                0x00000000000020ac      0x138 Output/Release/Obj/MCPDriver/mcp_can.o
                0x00000000000020ac                mcp2515_configRate
 .text.mcp2515_initCANBuffers
                0x00000000000021e4       0x40 Output/Release/Obj/MCPDriver/mcp_can.o
                0x00000000000021e4                mcp2515_initCANBuffers
 .text.mcp2515_init
                0x0000000000002224       0x68 Output/Release/Obj/MCPDriver/mcp_can.o
                0x0000000000002224                mcp2515_init
 .text.mcp2515_write_id
                0x000000000000228c       0x58 Output/Release/Obj/MCPDriver/mcp_can.o
                0x000000000000228c                mcp2515_write_id
 .text.mcp2515_write_canMsg
                0x00000000000022e4       0x30 Output/Release/Obj/MCPDriver/mcp_can.o
                0x00000000000022e4                mcp2515_write_canMsg
 .text.mcp2515_start_transmit
                0x0000000000002314        0xc Output/Release/Obj/MCPDriver/mcp_can.o
                0x0000000000002314                mcp2515_start_transmit
 .text.mcp2515_getNextFreeTXBuf
                0x0000000000002320       0x44 Output/Release/Obj/MCPDriver/mcp_can.o
                0x0000000000002320                mcp2515_getNextFreeTXBuf
 .text.setMsg   0x0000000000002364       0x24 Output/Release/Obj/MCPDriver/mcp_can.o
                0x0000000000002364                setMsg
 .text.sendMsg  0x0000000000002388       0x5a Output/Release/Obj/MCPDriver/mcp_can.o
                0x0000000000002388                sendMsg
 *fill*         0x00000000000023e2        0x2 
 .text.mcp_can_setcs
                0x00000000000023e4       0x28 Output/Release/Obj/MCPDriver/mcp_can.o
                0x00000000000023e4                mcp_can_setcs
 .text.mcp_spi_init
                0x000000000000240c       0x78 Output/Release/Obj/MCPDriver/mcp_can.o
                0x000000000000240c                mcp_spi_init
 .text.mcp_can_begin
                0x0000000000002484        0xe Output/Release/Obj/MCPDriver/mcp_can.o
                0x0000000000002484                mcp_can_begin
 .text.mcp_can_send_msg
                0x0000000000002492        0xe Output/Release/Obj/MCPDriver/mcp_can.o
                0x0000000000002492                mcp_can_send_msg
 .text.__NVIC_SystemReset
                0x00000000000024a0       0x24 Output/Release/Obj/MCPDriver/system_nrf52840.o
 .text.nrf52_errata_36
                0x00000000000024c4       0x12 Output/Release/Obj/MCPDriver/system_nrf52840.o
 *fill*         0x00000000000024d6        0x2 
 .text.nrf52_errata_98
                0x00000000000024d8       0x24 Output/Release/Obj/MCPDriver/system_nrf52840.o
 .text.nvmc_wait
                0x00000000000024fc       0x10 Output/Release/Obj/MCPDriver/system_nrf52840.o
                0x00000000000024fc                nvmc_wait
 .text.SystemInit
                0x000000000000250c      0x1fc Output/Release/Obj/MCPDriver/system_nrf52840.o
                0x000000000000250c                SystemInit
 .text.nrf_sdh_is_enabled
                0x0000000000002708        0xc Output/Release/Obj/MCPDriver/nrf_sdh.o
                0x0000000000002708                nrf_sdh_is_enabled
 .text.nrf_sdh_evts_poll
                0x0000000000002714       0x28 Output/Release/Obj/MCPDriver/nrf_sdh.o
                0x0000000000002714                nrf_sdh_evts_poll
 .text.SWI2_EGU2_IRQHandler
                0x000000000000273c        0x4 Output/Release/Obj/MCPDriver/nrf_sdh.o
                0x000000000000273c                SWI2_EGU2_IRQHandler
 .text.state_set
                0x0000000000002740       0x24 Output/Release/Obj/MCPDriver/app_button.o
 .text.button_get
                0x0000000000002764       0x30 Output/Release/Obj/MCPDriver/app_button.o
 .text.usr_event
                0x0000000000002794       0x20 Output/Release/Obj/MCPDriver/app_button.o
 .text.timer_start
                0x00000000000027b4       0x18 Output/Release/Obj/MCPDriver/app_button.o
 .text.gpiote_event_handler
                0x00000000000027cc       0x34 Output/Release/Obj/MCPDriver/app_button.o
 .text.evt_handle
                0x0000000000002800       0xd8 Output/Release/Obj/MCPDriver/app_button.o
                0x0000000000002800                evt_handle
 .text.detection_delay_timeout_handler
                0x00000000000028d8       0x5c Output/Release/Obj/MCPDriver/app_button.o
 .text.app_button_init
                0x0000000000002934       0xb0 Output/Release/Obj/MCPDriver/app_button.o
                0x0000000000002934                app_button_init
 .text.app_button_enable
                0x00000000000029e4       0x2c Output/Release/Obj/MCPDriver/app_button.o
                0x00000000000029e4                app_button_enable
 .text.app_error_handler_bare
                0x0000000000002a10       0x1a Output/Release/Obj/MCPDriver/app_error.o
                0x0000000000002a10                app_error_handler_bare
 *fill*         0x0000000000002a2a        0x2 
 .text.app_error_fault_handler
                0x0000000000002a2c       0x6c Output/Release/Obj/MCPDriver/app_error_weak.o
                0x0000000000002a2c                app_error_fault_handler
 .text.get_now  0x0000000000002a98       0x38 Output/Release/Obj/MCPDriver/app_timer2.o
 .text.timer_req_schedule
                0x0000000000002ad0       0x38 Output/Release/Obj/MCPDriver/app_timer2.o
 .text.app_timer_create
                0x0000000000002b08       0x24 Output/Release/Obj/MCPDriver/app_timer2.o
                0x0000000000002b08                app_timer_create
 .text.app_timer_start
                0x0000000000002b2c       0x52 Output/Release/Obj/MCPDriver/app_timer2.o
                0x0000000000002b2c                app_timer_start
 .text.app_timer_stop
                0x0000000000002b7e       0x44 Output/Release/Obj/MCPDriver/app_timer2.o
                0x0000000000002b7e                app_timer_stop
 *fill*         0x0000000000002bc2        0x2 
 .text.app_util_disable_irq
                0x0000000000002bc4       0x10 Output/Release/Obj/MCPDriver/app_util_platform.o
                0x0000000000002bc4                app_util_disable_irq
 .text.app_util_enable_irq
                0x0000000000002bd4       0x14 Output/Release/Obj/MCPDriver/app_util_platform.o
                0x0000000000002bd4                app_util_enable_irq
 .text.app_util_critical_region_enter
                0x0000000000002be8        0x4 Output/Release/Obj/MCPDriver/app_util_platform.o
                0x0000000000002be8                app_util_critical_region_enter
 .text.app_util_critical_region_exit
                0x0000000000002bec        0x4 Output/Release/Obj/MCPDriver/app_util_platform.o
                0x0000000000002bec                app_util_critical_region_exit
 .text.drv_rtc_counter_get
                0x0000000000002bf0        0x8 Output/Release/Obj/MCPDriver/drv_rtc.o
                0x0000000000002bf0                drv_rtc_counter_get
 .text.drv_rtc_irq_trigger
                0x0000000000002bf8       0x24 Output/Release/Obj/MCPDriver/drv_rtc.o
                0x0000000000002bf8                drv_rtc_irq_trigger
 .text.RTC1_IRQHandler
                0x0000000000002c1c       0x14 Output/Release/Obj/MCPDriver/drv_rtc.o
                0x0000000000002c1c                RTC1_IRQHandler
 .text.block_init
                0x0000000000002c30       0x14 Output/Release/Obj/MCPDriver/mem_manager.o
 .text.nrf_mem_init
                0x0000000000002c44       0x20 Output/Release/Obj/MCPDriver/mem_manager.o
                0x0000000000002c44                nrf_mem_init
 .text.nrf_mem_reserve
                0x0000000000002c64       0xe0 Output/Release/Obj/MCPDriver/mem_manager.o
                0x0000000000002c64                nrf_mem_reserve
 .text.nrf_malloc
                0x0000000000002d44       0x40 Output/Release/Obj/MCPDriver/mem_manager.o
                0x0000000000002d44                nrf_malloc
 .text.nrf_free
                0x0000000000002d84       0x38 Output/Release/Obj/MCPDriver/mem_manager.o
                0x0000000000002d84                nrf_free
 .text.nrf_atfifo_item_alloc
                0x0000000000002dbc       0x54 Output/Release/Obj/MCPDriver/nrf_atfifo.o
                0x0000000000002dbc                nrf_atfifo_item_alloc
 .text.nrf_atfifo_item_put
                0x0000000000002e10       0x20 Output/Release/Obj/MCPDriver/nrf_atfifo.o
                0x0000000000002e10                nrf_atfifo_item_put
 .text.nrf_atomic_u32_fetch_store
                0x0000000000002e30       0x16 Output/Release/Obj/MCPDriver/nrf_atomic.o
                0x0000000000002e30                nrf_atomic_u32_fetch_store
 .text.nrf_atomic_u32_or
                0x0000000000002e46       0x18 Output/Release/Obj/MCPDriver/nrf_atomic.o
                0x0000000000002e46                nrf_atomic_u32_or
 .text.nrf_atomic_u32_fetch_and
                0x0000000000002e5e       0x18 Output/Release/Obj/MCPDriver/nrf_atomic.o
                0x0000000000002e5e                nrf_atomic_u32_fetch_and
 .text.nrf_atomic_u32_add
                0x0000000000002e76       0x18 Output/Release/Obj/MCPDriver/nrf_atomic.o
                0x0000000000002e76                nrf_atomic_u32_add
 .text.nrf_atomic_u32_sub
                0x0000000000002e8e       0x18 Output/Release/Obj/MCPDriver/nrf_atomic.o
                0x0000000000002e8e                nrf_atomic_u32_sub
 .text.nrf_atomic_flag_set
                0x0000000000002ea6        0x6 Output/Release/Obj/MCPDriver/nrf_atomic.o
                0x0000000000002ea6                nrf_atomic_flag_set
 .text.nrf_atomic_flag_clear_fetch
                0x0000000000002eac        0x6 Output/Release/Obj/MCPDriver/nrf_atomic.o
                0x0000000000002eac                nrf_atomic_flag_clear_fetch
 .text.nrf_balloc_init
                0x0000000000002eb2       0x2e Output/Release/Obj/MCPDriver/nrf_balloc.o
                0x0000000000002eb2                nrf_balloc_init
 .text.nrf_balloc_alloc
                0x0000000000002ee0       0x40 Output/Release/Obj/MCPDriver/nrf_balloc.o
                0x0000000000002ee0                nrf_balloc_alloc
 .text.nrf_balloc_free
                0x0000000000002f20       0x2a Output/Release/Obj/MCPDriver/nrf_balloc.o
                0x0000000000002f20                nrf_balloc_free
 .text.nrf_fprintf_buffer_flush
                0x0000000000002f4a       0x16 Output/Release/Obj/MCPDriver/nrf_fprintf.o
                0x0000000000002f4a                nrf_fprintf_buffer_flush
 .text.nrf_fprintf
                0x0000000000002f60       0x1c Output/Release/Obj/MCPDriver/nrf_fprintf.o
                0x0000000000002f60                nrf_fprintf
 .text.buffer_add
                0x0000000000002f7c       0x2e Output/Release/Obj/MCPDriver/nrf_fprintf_format.o
 *fill*         0x0000000000002faa        0x2 
 .text.unsigned_print
                0x0000000000002fac       0xb4 Output/Release/Obj/MCPDriver/nrf_fprintf_format.o
 .text.nrf_fprintf_fmt
                0x0000000000003060      0x294 Output/Release/Obj/MCPDriver/nrf_fprintf_format.o
                0x0000000000003060                nrf_fprintf_fmt
 .text.memobj_op
                0x00000000000032f4       0x86 Output/Release/Obj/MCPDriver/nrf_memobj.o
 .text.nrf_memobj_pool_init
                0x000000000000337a        0x4 Output/Release/Obj/MCPDriver/nrf_memobj.o
                0x000000000000337a                nrf_memobj_pool_init
 .text.nrf_memobj_free
                0x000000000000337e       0x2c Output/Release/Obj/MCPDriver/nrf_memobj.o
                0x000000000000337e                nrf_memobj_free
 .text.nrf_memobj_alloc
                0x00000000000033aa       0x5e Output/Release/Obj/MCPDriver/nrf_memobj.o
                0x00000000000033aa                nrf_memobj_alloc
 .text.nrf_memobj_get
                0x0000000000003408        0x8 Output/Release/Obj/MCPDriver/nrf_memobj.o
                0x0000000000003408                nrf_memobj_get
 .text.nrf_memobj_put
                0x0000000000003410       0x1c Output/Release/Obj/MCPDriver/nrf_memobj.o
                0x0000000000003410                nrf_memobj_put
 .text.nrf_memobj_write
                0x000000000000342c       0x14 Output/Release/Obj/MCPDriver/nrf_memobj.o
                0x000000000000342c                nrf_memobj_write
 .text.nrf_memobj_read
                0x0000000000003440       0x14 Output/Release/Obj/MCPDriver/nrf_memobj.o
                0x0000000000003440                nrf_memobj_read
 .text.nrf_ringbuf_init
                0x0000000000003454       0x12 Output/Release/Obj/MCPDriver/nrf_ringbuf.o
                0x0000000000003454                nrf_ringbuf_init
 .text.nrf_section_iter_init
                0x0000000000003466       0x14 Output/Release/Obj/MCPDriver/nrf_section_iter.o
                0x0000000000003466                nrf_section_iter_init
 .text.nrf_section_iter_next
                0x000000000000347a       0x18 Output/Release/Obj/MCPDriver/nrf_section_iter.o
                0x000000000000347a                nrf_section_iter_next
 .text.libc.__int64_udivmod
                0x0000000000003492       0xce C:/Program Files/SEGGER/SEGGER Embedded Studio for ARM 5.68/lib/libc_v7em_fpv4_sp_d16_hard_t_le_eabi.a(libc_asm.o)
                0x0000000000003492                __aeabi_uldivmod
                0x0000000000003492                __int64_udiv
                0x0000000000003492                __udivdi3
                0x0000000000003492                __int64_udivmod
 .text.libc.__RAL_ascii_isctype
                0x0000000000003560       0x1c C:/Program Files/SEGGER/SEGGER Embedded Studio for ARM 5.68/lib/libc_v7em_fpv4_sp_d16_hard_t_le_eabi.a(libc2.o)
 .text.libc.__RAL_ascii_toupper
                0x000000000000357c        0xc C:/Program Files/SEGGER/SEGGER Embedded Studio for ARM 5.68/lib/libc_v7em_fpv4_sp_d16_hard_t_le_eabi.a(libc2.o)
 .text.libc.__RAL_ascii_tolower
                0x0000000000003588        0xc C:/Program Files/SEGGER/SEGGER Embedded Studio for ARM 5.68/lib/libc_v7em_fpv4_sp_d16_hard_t_le_eabi.a(libc2.o)
 .text.libc.__RAL_ascii_wctomb
                0x0000000000003594       0x10 C:/Program Files/SEGGER/SEGGER Embedded Studio for ARM 5.68/lib/libc_v7em_fpv4_sp_d16_hard_t_le_eabi.a(libc2.o)
                0x0000000000003594                __RAL_ascii_wctomb
 .text.libc.__RAL_ascii_mbtowc
                0x00000000000035a4       0x24 C:/Program Files/SEGGER/SEGGER Embedded Studio for ARM 5.68/lib/libc_v7em_fpv4_sp_d16_hard_t_le_eabi.a(libc2.o)
                0x00000000000035a4                __RAL_ascii_mbtowc
 .text.libc.__RAL_ascii_towupper
                0x00000000000035c8        0xc C:/Program Files/SEGGER/SEGGER Embedded Studio for ARM 5.68/lib/libc_v7em_fpv4_sp_d16_hard_t_le_eabi.a(libc2.o)
 .text.libc.__RAL_ascii_towlower
                0x00000000000035d4        0xc C:/Program Files/SEGGER/SEGGER Embedded Studio for ARM 5.68/lib/libc_v7em_fpv4_sp_d16_hard_t_le_eabi.a(libc2.o)
 .text.libc.__RAL_ascii_iswctype
                0x00000000000035e0       0x1c C:/Program Files/SEGGER/SEGGER Embedded Studio for ARM 5.68/lib/libc_v7em_fpv4_sp_d16_hard_t_le_eabi.a(libc2.o)
 .text.libc.isprint
                0x00000000000035fc       0x10 C:/Program Files/SEGGER/SEGGER Embedded Studio for ARM 5.68/lib/libc_v7em_fpv4_sp_d16_hard_t_le_eabi.a(libc2.o)
                0x00000000000035fc                isprint
 .text.libc.memcpy
                0x000000000000360c       0x52 C:/Program Files/SEGGER/SEGGER Embedded Studio for ARM 5.68/lib/libc_v7em_fpv4_sp_d16_hard_t_le_eabi.a(libc2_asm.o)
                0x000000000000360c                __aeabi_memcpy
                0x000000000000360c                memcpy
                0x0000000000003618                __aeabi_memcpy8
                0x0000000000003618                __aeabi_memcpy4
 .text.libc.memset
                0x000000000000365e       0x66 C:/Program Files/SEGGER/SEGGER Embedded Studio for ARM 5.68/lib/libc_v7em_fpv4_sp_d16_hard_t_le_eabi.a(libc2_asm.o)
                0x000000000000365e                memset
 .text.libc.strcpy
                0x00000000000036c4       0x44 C:/Program Files/SEGGER/SEGGER Embedded Studio for ARM 5.68/lib/libc_v7em_fpv4_sp_d16_hard_t_le_eabi.a(libc2_asm.o)
                0x00000000000036c4                strcpy
 .text.libc.strlen
                0x0000000000003708       0x60 C:/Program Files/SEGGER/SEGGER Embedded Studio for ARM 5.68/lib/libc_v7em_fpv4_sp_d16_hard_t_le_eabi.a(libc2_asm.o)
                0x0000000000003708                strlen
                0x0000000000003768                __text_end__ = (__text_start__ + SIZEOF (.text))
                0x0000000000003398                __text_size__ = SIZEOF (.text)
                0x0000000000003768                __text_load_end__ = __text_end__

.vfp11_veneer   0x0000000100000000        0x0
 .vfp11_veneer  0x0000000100000000        0x0 linker stubs

.v4_bx          0x0000000100000000        0x0
 .v4_bx         0x0000000100000000        0x0 linker stubs

.iplt           0x0000000100000000        0x0
 .iplt          0x0000000100000000        0x0 Output/Release/Obj/MCPDriver/thumb_crt0.o
                0x0000000000000001                . = ASSERT (((__text_start__ == __text_end__) || ((__text_end__ - __FLASH_segment_start__) <= __FLASH_segment_size__)), error: .text is too large to fit in FLASH memory segment)
                0x0000000000003768                __sdh_soc_observers_load_start__ = ALIGN (__text_end__, 0x4)

.sdh_soc_observers
                0x0000000000003768        0x0
                0x0000000000003768                __sdh_soc_observers_start__ = .
                0x0000000000003768                __start_sdh_soc_observers = __sdh_soc_observers_start__
 *(SORT_BY_NAME(.sdh_soc_observers*))
                0x0000000000003768                __sdh_soc_observers_end__ = (__sdh_soc_observers_start__ + SIZEOF (.sdh_soc_observers))
                0x0000000000000000                __sdh_soc_observers_size__ = SIZEOF (.sdh_soc_observers)
                0x0000000000003768                __stop_sdh_soc_observers = __sdh_soc_observers_end__
                0x0000000000003768                __sdh_soc_observers_load_end__ = __sdh_soc_observers_end__
                0x0000000000000001                . = ASSERT (((__sdh_soc_observers_start__ == __sdh_soc_observers_end__) || ((__sdh_soc_observers_end__ - __FLASH_segment_start__) <= __FLASH_segment_size__)), error: .sdh_soc_observers is too large to fit in FLASH memory segment)
                0x0000000000003768                __sdh_ble_observers_load_start__ = ALIGN (__sdh_soc_observers_end__, 0x4)

.sdh_ble_observers
                0x0000000000003768        0x0
                0x0000000000003768                __sdh_ble_observers_start__ = .
                0x0000000000003768                __start_sdh_ble_observers = __sdh_ble_observers_start__
 *(SORT_BY_NAME(.sdh_ble_observers*))
                0x0000000000003768                __sdh_ble_observers_end__ = (__sdh_ble_observers_start__ + SIZEOF (.sdh_ble_observers))
                0x0000000000000000                __sdh_ble_observers_size__ = SIZEOF (.sdh_ble_observers)
                0x0000000000003768                __stop_sdh_ble_observers = __sdh_ble_observers_end__
                0x0000000000003768                __sdh_ble_observers_load_end__ = __sdh_ble_observers_end__
                0x0000000000000001                . = ASSERT (((__sdh_ble_observers_start__ == __sdh_ble_observers_end__) || ((__sdh_ble_observers_end__ - __FLASH_segment_start__) <= __FLASH_segment_size__)), error: .sdh_ble_observers is too large to fit in FLASH memory segment)
                0x0000000000003768                __pwr_mgmt_data_load_start__ = ALIGN (__sdh_ble_observers_end__, 0x4)

.pwr_mgmt_data  0x0000000000003768        0x0
                0x0000000000003768                __pwr_mgmt_data_start__ = .
                0x0000000000003768                __start_pwr_mgmt_data = __pwr_mgmt_data_start__
 *(SORT_BY_NAME(.pwr_mgmt_data*))
                0x0000000000003768                __pwr_mgmt_data_end__ = (__pwr_mgmt_data_start__ + SIZEOF (.pwr_mgmt_data))
                0x0000000000000000                __pwr_mgmt_data_size__ = SIZEOF (.pwr_mgmt_data)
                0x0000000000003768                __stop_pwr_mgmt_data = __pwr_mgmt_data_end__
                0x0000000000003768                __pwr_mgmt_data_load_end__ = __pwr_mgmt_data_end__
                0x0000000000000001                . = ASSERT (((__pwr_mgmt_data_start__ == __pwr_mgmt_data_end__) || ((__pwr_mgmt_data_end__ - __FLASH_segment_start__) <= __FLASH_segment_size__)), error: .pwr_mgmt_data is too large to fit in FLASH memory segment)
                0x0000000000003768                __nrf_queue_load_start__ = ALIGN (__pwr_mgmt_data_end__, 0x4)

.nrf_queue      0x0000000000003768       0x14
                0x0000000000003768                __nrf_queue_start__ = .
                0x0000000000003768                __start_nrf_queue = __nrf_queue_start__
 *(.nrf_queue*)
 .nrf_queue     0x0000000000003768       0x14 Output/Release/Obj/MCPDriver/nrf_drv_rng.o
                0x0000000000003768                m_rand_pool
                0x000000000000377c                __nrf_queue_end__ = (__nrf_queue_start__ + SIZEOF (.nrf_queue))
                0x0000000000000014                __nrf_queue_size__ = SIZEOF (.nrf_queue)
                0x000000000000377c                __stop_nrf_queue = __nrf_queue_end__
                0x000000000000377c                __nrf_queue_load_end__ = __nrf_queue_end__
                0x0000000000000001                . = ASSERT (((__nrf_queue_start__ == __nrf_queue_end__) || ((__nrf_queue_end__ - __FLASH_segment_start__) <= __FLASH_segment_size__)), error: .nrf_queue is too large to fit in FLASH memory segment)
                0x000000000000377c                __sdh_req_observers_load_start__ = ALIGN (__nrf_queue_end__, 0x4)

.sdh_req_observers
                0x000000000000377c        0x0
                0x000000000000377c                __sdh_req_observers_start__ = .
                0x000000000000377c                __start_sdh_req_observers = __sdh_req_observers_start__
 *(SORT_BY_NAME(.sdh_req_observers*))
                0x000000000000377c                __sdh_req_observers_end__ = (__sdh_req_observers_start__ + SIZEOF (.sdh_req_observers))
                0x0000000000000000                __sdh_req_observers_size__ = SIZEOF (.sdh_req_observers)
                0x000000000000377c                __stop_sdh_req_observers = __sdh_req_observers_end__
                0x000000000000377c                __sdh_req_observers_load_end__ = __sdh_req_observers_end__
                0x0000000000000001                . = ASSERT (((__sdh_req_observers_start__ == __sdh_req_observers_end__) || ((__sdh_req_observers_end__ - __FLASH_segment_start__) <= __FLASH_segment_size__)), error: .sdh_req_observers is too large to fit in FLASH memory segment)
                0x000000000000377c                __sdh_state_observers_load_start__ = ALIGN (__sdh_req_observers_end__, 0x4)

.sdh_state_observers
                0x000000000000377c        0x0
                0x000000000000377c                __sdh_state_observers_start__ = .
                0x000000000000377c                __start_sdh_state_observers = __sdh_state_observers_start__
 *(SORT_BY_NAME(.sdh_state_observers*))
                0x000000000000377c                __sdh_state_observers_end__ = (__sdh_state_observers_start__ + SIZEOF (.sdh_state_observers))
                0x0000000000000000                __sdh_state_observers_size__ = SIZEOF (.sdh_state_observers)
                0x000000000000377c                __stop_sdh_state_observers = __sdh_state_observers_end__
                0x000000000000377c                __sdh_state_observers_load_end__ = __sdh_state_observers_end__
                0x0000000000000001                . = ASSERT (((__sdh_state_observers_start__ == __sdh_state_observers_end__) || ((__sdh_state_observers_end__ - __FLASH_segment_start__) <= __FLASH_segment_size__)), error: .sdh_state_observers is too large to fit in FLASH memory segment)
                0x000000000000377c                __sdh_stack_observers_load_start__ = ALIGN (__sdh_state_observers_end__, 0x4)

.sdh_stack_observers
                0x000000000000377c        0x0
                0x000000000000377c                __sdh_stack_observers_start__ = .
                0x000000000000377c                __start_sdh_stack_observers = __sdh_stack_observers_start__
 *(SORT_BY_NAME(.sdh_stack_observers*))
                0x000000000000377c                __sdh_stack_observers_end__ = (__sdh_stack_observers_start__ + SIZEOF (.sdh_stack_observers))
                0x0000000000000000                __sdh_stack_observers_size__ = SIZEOF (.sdh_stack_observers)
                0x000000000000377c                __stop_sdh_stack_observers = __sdh_stack_observers_end__
                0x000000000000377c                __sdh_stack_observers_load_end__ = __sdh_stack_observers_end__
                0x0000000000000001                . = ASSERT (((__sdh_stack_observers_start__ == __sdh_stack_observers_end__) || ((__sdh_stack_observers_end__ - __FLASH_segment_start__) <= __FLASH_segment_size__)), error: .sdh_stack_observers is too large to fit in FLASH memory segment)
                0x000000000000377c                __nrf_balloc_load_start__ = ALIGN (__sdh_stack_observers_end__, 0x4)

.nrf_balloc     0x000000000000377c       0x14
                0x000000000000377c                __nrf_balloc_start__ = .
                0x000000000000377c                __start_nrf_balloc = __nrf_balloc_start__
 *(.nrf_balloc*)
 .nrf_balloc    0x000000000000377c       0x14 Output/Release/Obj/MCPDriver/nrf_log_frontend.o
                0x000000000000377c                log_mempool
                0x0000000000003790                __nrf_balloc_end__ = (__nrf_balloc_start__ + SIZEOF (.nrf_balloc))
                0x0000000000000014                __nrf_balloc_size__ = SIZEOF (.nrf_balloc)
                0x0000000000003790                __stop_nrf_balloc = __nrf_balloc_end__
                0x0000000000003790                __nrf_balloc_load_end__ = __nrf_balloc_end__
                0x0000000000000001                . = ASSERT (((__nrf_balloc_start__ == __nrf_balloc_end__) || ((__nrf_balloc_end__ - __FLASH_segment_start__) <= __FLASH_segment_size__)), error: .nrf_balloc is too large to fit in FLASH memory segment)
                0x0000000000003790                __cli_command_load_start__ = ALIGN (__nrf_balloc_end__, 0x4)

.cli_command    0x0000000000003790        0x0
                0x0000000000003790                __cli_command_start__ = .
                0x0000000000003790                __start_cli_command = __cli_command_start__
 *(.cli_command*)
                0x0000000000003790                __cli_command_end__ = (__cli_command_start__ + SIZEOF (.cli_command))
                0x0000000000000000                __cli_command_size__ = SIZEOF (.cli_command)
                0x0000000000003790                __stop_cli_command = __cli_command_end__
                0x0000000000003790                __cli_command_load_end__ = __cli_command_end__
                0x0000000000000001                . = ASSERT (((__cli_command_start__ == __cli_command_end__) || ((__cli_command_end__ - __FLASH_segment_start__) <= __FLASH_segment_size__)), error: .cli_command is too large to fit in FLASH memory segment)
                0x0000000000003790                __crypto_data_load_start__ = ALIGN (__cli_command_end__, 0x4)

.crypto_data    0x0000000000003790        0x0
                0x0000000000003790                __crypto_data_start__ = .
                0x0000000000003790                __start_crypto_data = __crypto_data_start__
 *(SORT_BY_NAME(.crypto_data*))
                0x0000000000003790                __crypto_data_end__ = (__crypto_data_start__ + SIZEOF (.crypto_data))
                0x0000000000000000                __crypto_data_size__ = SIZEOF (.crypto_data)
                0x0000000000003790                __stop_crypto_data = __crypto_data_end__
                0x0000000000003790                __crypto_data_load_end__ = __crypto_data_end__
                0x0000000000000001                . = ASSERT (((__crypto_data_start__ == __crypto_data_end__) || ((__crypto_data_end__ - __FLASH_segment_start__) <= __FLASH_segment_size__)), error: .crypto_data is too large to fit in FLASH memory segment)
                0x0000000000003790                __log_const_data_load_start__ = ALIGN (__crypto_data_end__, 0x4)

.log_const_data
                0x0000000000003790       0x70
                0x0000000000003790                __log_const_data_start__ = .
                0x0000000000003790                __start_log_const_data = __log_const_data_start__
 *(SORT_BY_NAME(.log_const_data*))
 .log_const_data_CLOCK
                0x0000000000003790        0x8 Output/Release/Obj/MCPDriver/nrfx_clock.o
                0x0000000000003790                m_nrf_log_CLOCK_logs_data_const
 .log_const_data_GPIOTE
                0x0000000000003798        0x8 Output/Release/Obj/MCPDriver/nrfx_gpiote.o
                0x0000000000003798                m_nrf_log_GPIOTE_logs_data_const
 .log_const_data_PRS
                0x00000000000037a0        0x8 Output/Release/Obj/MCPDriver/nrfx_prs.o
                0x00000000000037a0                m_nrf_log_PRS_logs_data_const
 .log_const_data_RNG
                0x00000000000037a8        0x8 Output/Release/Obj/MCPDriver/nrfx_rng.o
                0x00000000000037a8                m_nrf_log_RNG_logs_data_const
 .log_const_data_SPIM
                0x00000000000037b0        0x8 Output/Release/Obj/MCPDriver/nrfx_spim.o
                0x00000000000037b0                m_nrf_log_SPIM_logs_data_const
 .log_const_data_UART
                0x00000000000037b8        0x8 Output/Release/Obj/MCPDriver/nrfx_uart.o
                0x00000000000037b8                m_nrf_log_UART_logs_data_const
 .log_const_data_UARTE
                0x00000000000037c0        0x8 Output/Release/Obj/MCPDriver/nrfx_uarte.o
                0x00000000000037c0                m_nrf_log_UARTE_logs_data_const
 .log_const_data_app
                0x00000000000037c8        0x8 Output/Release/Obj/MCPDriver/nrf_log_frontend.o
                0x00000000000037c8                m_nrf_log_app_logs_data_const
 .log_const_data_app_button
                0x00000000000037d0        0x8 Output/Release/Obj/MCPDriver/app_button.o
                0x00000000000037d0                m_nrf_log_app_button_logs_data_const
 .log_const_data_app_timer
                0x00000000000037d8        0x8 Output/Release/Obj/MCPDriver/app_timer2.o
                0x00000000000037d8                m_nrf_log_app_timer_logs_data_const
 .log_const_data_clock
                0x00000000000037e0        0x8 Output/Release/Obj/MCPDriver/nrf_drv_clock.o
                0x00000000000037e0                m_nrf_log_clock_logs_data_const
 .log_const_data_mem_mngr
                0x00000000000037e8        0x8 Output/Release/Obj/MCPDriver/mem_manager.o
                0x00000000000037e8                m_nrf_log_mem_mngr_logs_data_const
 .log_const_data_nrf_sdh
                0x00000000000037f0        0x8 Output/Release/Obj/MCPDriver/nrf_sdh.o
                0x00000000000037f0                m_nrf_log_nrf_sdh_logs_data_const
 .log_const_data_rng
                0x00000000000037f8        0x8 Output/Release/Obj/MCPDriver/nrf_drv_rng.o
                0x00000000000037f8                m_nrf_log_rng_logs_data_const
                0x0000000000003800                __log_const_data_end__ = (__log_const_data_start__ + SIZEOF (.log_const_data))
                0x0000000000000070                __log_const_data_size__ = SIZEOF (.log_const_data)
                0x0000000000003800                __stop_log_const_data = __log_const_data_end__
                0x0000000000003800                __log_const_data_load_end__ = __log_const_data_end__
                0x0000000000000001                . = ASSERT (((__log_const_data_start__ == __log_const_data_end__) || ((__log_const_data_end__ - __FLASH_segment_start__) <= __FLASH_segment_size__)), error: .log_const_data is too large to fit in FLASH memory segment)
                0x0000000000003800                __log_backends_load_start__ = ALIGN (__log_const_data_end__, 0x4)

.log_backends   0x0000000000003800       0x10
                0x0000000000003800                __log_backends_start__ = .
                0x0000000000003800                __start_log_backends = __log_backends_start__
 *(SORT_BY_NAME(.log_backends*))
 .log_backends  0x0000000000003800       0x10 Output/Release/Obj/MCPDriver/nrf_log_default_backends.o
                0x0000000000003810                __log_backends_end__ = (__log_backends_start__ + SIZEOF (.log_backends))
                0x0000000000000010                __log_backends_size__ = SIZEOF (.log_backends)
                0x0000000000003810                __stop_log_backends = __log_backends_end__
                0x0000000000003810                __log_backends_load_end__ = __log_backends_end__
                0x0000000000000001                . = ASSERT (((__log_backends_start__ == __log_backends_end__) || ((__log_backends_end__ - __FLASH_segment_start__) <= __FLASH_segment_size__)), error: .log_backends is too large to fit in FLASH memory segment)
                0x0000000000003810                __nrf_sections_load_start__ = ALIGN (__log_backends_end__, 0x4)

.nrf_sections   0x0000000000003810        0x0
                0x0000000000003810                __nrf_sections_start__ = .
                0x0000000000003810                __start_nrf_sections = __nrf_sections_start__
 *(.nrf_sections .nrf_sections.*)
                0x0000000000003810                __nrf_sections_end__ = (__nrf_sections_start__ + SIZEOF (.nrf_sections))
                0x0000000000000000                __nrf_sections_size__ = SIZEOF (.nrf_sections)
                0x0000000000003810                __nrf_sections_load_end__ = __nrf_sections_end__
                0x0000000000000001                . = ASSERT (((__nrf_sections_start__ == __nrf_sections_end__) || ((__nrf_sections_end__ - __FLASH_segment_start__) <= __FLASH_segment_size__)), error: .nrf_sections is too large to fit in FLASH memory segment)
                0x0000000000003810                __cli_sorted_cmd_ptrs_load_start__ = ALIGN (__nrf_sections_end__, 0x4)

.cli_sorted_cmd_ptrs
                0x0000000020000000        0x0 load address 0x0000000000003810
                0x0000000020000000                __cli_sorted_cmd_ptrs_start__ = .
 *(.cli_sorted_cmd_ptrs*)
                0x0000000020000000                __cli_sorted_cmd_ptrs_end__ = (__cli_sorted_cmd_ptrs_start__ + SIZEOF (.cli_sorted_cmd_ptrs))
                0x0000000000000000                __cli_sorted_cmd_ptrs_size__ = SIZEOF (.cli_sorted_cmd_ptrs)
                0x0000000000003810                __cli_sorted_cmd_ptrs_load_end__ = (__cli_sorted_cmd_ptrs_load_start__ + SIZEOF (.cli_sorted_cmd_ptrs))
                0x0000000000000001                . = ASSERT (((__cli_sorted_cmd_ptrs_load_start__ == __cli_sorted_cmd_ptrs_load_end__) || ((__cli_sorted_cmd_ptrs_load_end__ - __FLASH_segment_start__) <= __FLASH_segment_size__)), error: .cli_sorted_cmd_ptrs is too large to fit in FLASH memory segment)

.cli_sorted_cmd_ptrs_run
                0x0000000020000000        0x0
                0x0000000020000000                __cli_sorted_cmd_ptrs_run_start__ = .
                0x0000000020000000                __start_cli_sorted_cmd_ptrs = __cli_sorted_cmd_ptrs_run_start__
                0x0000000020000000                __cli_sorted_cmd_ptrs_run_end__ = (__cli_sorted_cmd_ptrs_run_start__ + SIZEOF (.cli_sorted_cmd_ptrs))
                0x0000000000000000                __cli_sorted_cmd_ptrs_run_size__ = (__cli_sorted_cmd_ptrs_run_end__ - __cli_sorted_cmd_ptrs_run_start__)
                0x0000000020000000                __stop_cli_sorted_cmd_ptrs = __cli_sorted_cmd_ptrs_run_end__
                0x0000000020000000                __cli_sorted_cmd_ptrs_run_load_end__ = __cli_sorted_cmd_ptrs_run_end__
                0x0000000000000001                . = ASSERT (((__cli_sorted_cmd_ptrs_run_start__ == __cli_sorted_cmd_ptrs_run_end__) || ((__cli_sorted_cmd_ptrs_run_end__ - __RAM1_segment_start__) <= __RAM1_segment_size__)), error: .cli_sorted_cmd_ptrs_run is too large to fit in RAM1 memory segment)
                0x0000000000003810                __fs_data_load_start__ = ALIGN ((__cli_sorted_cmd_ptrs_load_start__ + SIZEOF (.cli_sorted_cmd_ptrs)), 0x4)

.fs_data        0x0000000020000000        0x0 load address 0x0000000000003810
                0x0000000020000000                __fs_data_start__ = .
 *(.fs_data*)
                0x0000000020000000                __fs_data_end__ = (__fs_data_start__ + SIZEOF (.fs_data))
                0x0000000000000000                __fs_data_size__ = SIZEOF (.fs_data)
                0x0000000000003810                __fs_data_load_end__ = (__fs_data_load_start__ + SIZEOF (.fs_data))
                0x0000000000000001                . = ASSERT (((__fs_data_load_start__ == __fs_data_load_end__) || ((__fs_data_load_end__ - __FLASH_segment_start__) <= __FLASH_segment_size__)), error: .fs_data is too large to fit in FLASH memory segment)

.fs_data_run    0x0000000020000000        0x0
                0x0000000020000000                __fs_data_run_start__ = .
                0x0000000020000000                __start_fs_data = __fs_data_run_start__
                0x0000000020000000                __fs_data_run_end__ = (__fs_data_run_start__ + SIZEOF (.fs_data))
                0x0000000000000000                __fs_data_run_size__ = (__fs_data_run_end__ - __fs_data_run_start__)
                0x0000000020000000                __stop_fs_data = __fs_data_run_end__
                0x0000000020000000                __fs_data_run_load_end__ = __fs_data_run_end__
                0x0000000000000001                . = ASSERT (((__fs_data_run_start__ == __fs_data_run_end__) || ((__fs_data_run_end__ - __RAM1_segment_start__) <= __RAM1_segment_size__)), error: .fs_data_run is too large to fit in RAM1 memory segment)
                0x0000000000003810                __log_dynamic_data_load_start__ = ALIGN ((__fs_data_load_start__ + SIZEOF (.fs_data)), 0x4)

.log_dynamic_data
                0x0000000020000000        0x0 load address 0x0000000000003810
                0x0000000020000000                __log_dynamic_data_start__ = .
 *(SORT_BY_NAME(.log_dynamic_data*))
                0x0000000020000000                __log_dynamic_data_end__ = (__log_dynamic_data_start__ + SIZEOF (.log_dynamic_data))
                0x0000000000000000                __log_dynamic_data_size__ = SIZEOF (.log_dynamic_data)
                0x0000000000003810                __log_dynamic_data_load_end__ = (__log_dynamic_data_load_start__ + SIZEOF (.log_dynamic_data))
                0x0000000000000001                . = ASSERT (((__log_dynamic_data_load_start__ == __log_dynamic_data_load_end__) || ((__log_dynamic_data_load_end__ - __FLASH_segment_start__) <= __FLASH_segment_size__)), error: .log_dynamic_data is too large to fit in FLASH memory segment)

.log_dynamic_data_run
                0x0000000020000000        0x0
                0x0000000020000000                __log_dynamic_data_run_start__ = .
                0x0000000020000000                __start_log_dynamic_data = __log_dynamic_data_run_start__
                0x0000000020000000                __log_dynamic_data_run_end__ = (__log_dynamic_data_run_start__ + SIZEOF (.log_dynamic_data))
                0x0000000000000000                __log_dynamic_data_run_size__ = (__log_dynamic_data_run_end__ - __log_dynamic_data_run_start__)
                0x0000000020000000                __stop_log_dynamic_data = __log_dynamic_data_run_end__
                0x0000000020000000                __log_dynamic_data_run_load_end__ = __log_dynamic_data_run_end__
                0x0000000000000001                . = ASSERT (((__log_dynamic_data_run_start__ == __log_dynamic_data_run_end__) || ((__log_dynamic_data_run_end__ - __RAM1_segment_start__) <= __RAM1_segment_size__)), error: .log_dynamic_data_run is too large to fit in RAM1 memory segment)
                0x0000000000003810                __log_filter_data_load_start__ = ALIGN ((__log_dynamic_data_load_start__ + SIZEOF (.log_dynamic_data)), 0x4)

.log_filter_data
                0x0000000020000000        0x0 load address 0x0000000000003810
                0x0000000020000000                __log_filter_data_start__ = .
 *(SORT_BY_NAME(.log_filter_data*))
                0x0000000020000000                __log_filter_data_end__ = (__log_filter_data_start__ + SIZEOF (.log_filter_data))
                0x0000000000000000                __log_filter_data_size__ = SIZEOF (.log_filter_data)
                0x0000000000003810                __log_filter_data_load_end__ = (__log_filter_data_load_start__ + SIZEOF (.log_filter_data))
                0x0000000000000001                . = ASSERT (((__log_filter_data_load_start__ == __log_filter_data_load_end__) || ((__log_filter_data_load_end__ - __FLASH_segment_start__) <= __FLASH_segment_size__)), error: .log_filter_data is too large to fit in FLASH memory segment)

.log_filter_data_run
                0x0000000020000000        0x0
                0x0000000020000000                __log_filter_data_run_start__ = .
                0x0000000020000000                __start_log_filter_data = __log_filter_data_run_start__
                0x0000000020000000                __log_filter_data_run_end__ = (__log_filter_data_run_start__ + SIZEOF (.log_filter_data))
                0x0000000000000000                __log_filter_data_run_size__ = (__log_filter_data_run_end__ - __log_filter_data_run_start__)
                0x0000000020000000                __stop_log_filter_data = __log_filter_data_run_end__
                0x0000000020000000                __log_filter_data_run_load_end__ = __log_filter_data_run_end__
                0x0000000000000001                . = ASSERT (((__log_filter_data_run_start__ == __log_filter_data_run_end__) || ((__log_filter_data_run_end__ - __RAM1_segment_start__) <= __RAM1_segment_size__)), error: .log_filter_data_run is too large to fit in RAM1 memory segment)
                0x0000000020000000                __nrf_sections_run_end_load_start__ = ALIGN (__log_filter_data_run_end__, 0x4)

.nrf_sections_run_end
                0x0000000020000000        0x0
                0x0000000020000000                __nrf_sections_run_end_start__ = .
                0x0000000020000000                __end_nrf_sections_run = __nrf_sections_run_end_start__
 *(.nrf_sections_run_end .nrf_sections_run_end.*)
                0x0000000020000000                __nrf_sections_run_end_end__ = (__nrf_sections_run_end_start__ + SIZEOF (.nrf_sections_run_end))
                0x0000000000000000                __nrf_sections_run_end_size__ = SIZEOF (.nrf_sections_run_end)
                0x0000000020000000                __nrf_sections_run_end_load_end__ = __nrf_sections_run_end_end__
                0x0000000000000001                . = ASSERT (((__nrf_sections_run_end_start__ == __nrf_sections_run_end_end__) || ((__nrf_sections_run_end_end__ - __RAM1_segment_start__) <= __RAM1_segment_size__)), error: .nrf_sections_run_end is too large to fit in RAM1 memory segment)
                0x0000000000003810                __dtors_load_start__ = ALIGN ((__log_filter_data_load_start__ + SIZEOF (.log_filter_data)), 0x4)

.dtors          0x0000000000003810        0x0
                0x0000000000003810                __dtors_start__ = .
 *(SORT_BY_NAME(.dtors.*))
 *(.dtors)
 *(.fini_array)
 *(SORT_BY_NAME(.fini_array.*))
                0x0000000000003810                __dtors_end__ = (__dtors_start__ + SIZEOF (.dtors))
                0x0000000000000000                __dtors_size__ = SIZEOF (.dtors)
                0x0000000000003810                __dtors_load_end__ = __dtors_end__
                0x0000000000000001                . = ASSERT (((__dtors_start__ == __dtors_end__) || ((__dtors_end__ - __FLASH_segment_start__) <= __FLASH_segment_size__)), error: .dtors is too large to fit in FLASH memory segment)
                0x0000000000003810                __ctors_load_start__ = ALIGN (__dtors_end__, 0x4)

.ctors          0x0000000000003810        0x0
                0x0000000000003810                __ctors_start__ = .
 *(SORT_BY_NAME(.ctors.*))
 *(.ctors)
 *(.init_array)
 *(SORT_BY_NAME(.init_array.*))
                0x0000000000003810                __ctors_end__ = (__ctors_start__ + SIZEOF (.ctors))
                0x0000000000000000                __ctors_size__ = SIZEOF (.ctors)
                0x0000000000003810                __ctors_load_end__ = __ctors_end__
                0x0000000000000001                . = ASSERT (((__ctors_start__ == __ctors_end__) || ((__ctors_end__ - __FLASH_segment_start__) <= __FLASH_segment_size__)), error: .ctors is too large to fit in FLASH memory segment)
                0x0000000000003810                __rodata_load_start__ = ALIGN (__ctors_end__, 0x4)

.rodata         0x0000000000003810      0x67a
                0x0000000000003810                __rodata_start__ = .
 *(.rodata .rodata.* .gnu.linkonce.r.*)
 .rodata.app_buttons
                0x0000000000003810       0x20 Output/Release/Obj/MCPDriver/bsp.o
 .rodata.m_bsp_alert_tmr
                0x0000000000003830        0x4 Output/Release/Obj/MCPDriver/bsp.o
 .rodata.m_bsp_button_tmr
                0x0000000000003834        0x4 Output/Release/Obj/MCPDriver/bsp.o
 .rodata.m_bsp_leds_tmr
                0x0000000000003838        0x4 Output/Release/Obj/MCPDriver/bsp.o
 .rodata.str1.1
                0x000000000000383c        0x6 Output/Release/Obj/MCPDriver/nrf_drv_clock.o
 .rodata.str1.1
                0x0000000000003842        0x4 Output/Release/Obj/MCPDriver/nrf_drv_rng.o
 *fill*         0x0000000000003846        0x2 
 .rodata        0x0000000000003848       0x10 Output/Release/Obj/MCPDriver/nrf_drv_spi.o
 .rodata.str1.1
                0x0000000000003858        0x6 Output/Release/Obj/MCPDriver/nrfx_clock.o
 .rodata.str1.1
                0x000000000000385e        0x7 Output/Release/Obj/MCPDriver/nrfx_gpiote.o
 .rodata.str1.1
                0x0000000000003865        0x4 Output/Release/Obj/MCPDriver/nrfx_prs.o
 .rodata.str1.1
                0x0000000000003869        0x4 Output/Release/Obj/MCPDriver/nrfx_rng.o
 .rodata.str1.1
                0x000000000000386d        0x5 Output/Release/Obj/MCPDriver/nrfx_spim.o
 .rodata.str1.1
                0x0000000000003872        0x5 Output/Release/Obj/MCPDriver/nrfx_uart.o
 .rodata.str1.1
                0x0000000000003877        0x6 Output/Release/Obj/MCPDriver/nrfx_uarte.o
 .rodata.m_board_led_list
                0x000000000000387d        0x4 Output/Release/Obj/MCPDriver/boards.o
 .rodata.str1.1
                0x0000000000003881       0x10 Output/Release/Obj/MCPDriver/nrf_log_default_backends.o
 .rodata.nrf_log_frontend_dequeue.str1.1
                0x0000000000003891       0x11 Output/Release/Obj/MCPDriver/nrf_log_frontend.o
 .rodata.str1.1
                0x00000000000038a2        0x4 Output/Release/Obj/MCPDriver/nrf_log_frontend.o
 *fill*         0x00000000000038a6        0x2 
 .rodata.m_log_push_ringbuf
                0x00000000000038a8        0xc Output/Release/Obj/MCPDriver/nrf_log_frontend.o
 .rodata.prefix_process.str1.1
                0x00000000000038b4       0x32 Output/Release/Obj/MCPDriver/nrf_log_str_formatter.o
 .rodata.postfix_process.str1.1
                0x00000000000038e6       0x32 Output/Release/Obj/MCPDriver/nrf_log_str_formatter.o
                                          0x3 (size before relaxing)
 .rodata.nrf_log_hexdump_entry_process.str1.1
                0x00000000000038e6        0xf Output/Release/Obj/MCPDriver/nrf_log_str_formatter.o
                                         0x11 (size before relaxing)
 .rodata.str1.1
                0x00000000000038f5       0x4b Output/Release/Obj/MCPDriver/nrf_log_str_formatter.o
                                         0x51 (size before relaxing)
 .rodata.m_colors
                0x0000000000003940       0x24 Output/Release/Obj/MCPDriver/nrf_log_str_formatter.o
 .rodata.severity_names
                0x0000000000003964       0x14 Output/Release/Obj/MCPDriver/nrf_log_str_formatter.o
 *fill*         0x0000000000003978        0x8 
 .rodata.delay_machine_code.0
                0x0000000000003980        0x6 Output/Release/Obj/MCPDriver/nrf_log_backend_rtt.o
 *fill*         0x0000000000003986        0x2 
 .rodata.nrf_log_backend_rtt_api
                0x0000000000003988        0xc Output/Release/Obj/MCPDriver/nrf_log_backend_rtt.o
                0x0000000000003988                nrf_log_backend_rtt_api
 .rodata.bsp_event_handler.str1.1
                0x0000000000003994       0xeb Output/Release/Obj/MCPDriver/main.o
 .rodata.main.str1.1
                0x0000000000003a7f       0x38 Output/Release/Obj/MCPDriver/main.o
 *fill*         0x0000000000003ab7        0x9 
 .rodata.delay_machine_code.0
                0x0000000000003ac0        0x6 Output/Release/Obj/MCPDriver/main.o
 .rodata._DoInit.str1.1
                0x0000000000003ac6       0x14 Output/Release/Obj/MCPDriver/SEGGER_RTT.o
 .rodata.mcp2515_getNextFreeTXBuf.str1.1
                0x0000000000003ada        0x4 Output/Release/Obj/MCPDriver/mcp_can.o
 *fill*         0x0000000000003ade        0x2 
 .rodata        0x0000000000003ae0       0x14 Output/Release/Obj/MCPDriver/mcp_can.o
 .rodata.can_spi
                0x0000000000003af4       0x10 Output/Release/Obj/MCPDriver/mcp_can.o
 *fill*         0x0000000000003b04        0xc 
 .rodata.delay_machine_code.0
                0x0000000000003b10        0x6 Output/Release/Obj/MCPDriver/mcp_can.o
 .rodata.CSWTCH.15
                0x0000000000003b16        0x6 Output/Release/Obj/MCPDriver/system_nrf52840.o
 .rodata.CSWTCH.6
                0x0000000000003b1c        0x6 Output/Release/Obj/MCPDriver/system_nrf52840.o
 .rodata.str1.1
                0x0000000000003b22        0x8 Output/Release/Obj/MCPDriver/nrf_sdh.o
 *fill*         0x0000000000003b2a        0x2 
 .rodata.sdh_stack_observers
                0x0000000000003b2c        0xc Output/Release/Obj/MCPDriver/nrf_sdh.o
 .rodata.str1.1
                0x0000000000003b38        0xb Output/Release/Obj/MCPDriver/app_button.o
 *fill*         0x0000000000003b43        0x1 
 .rodata.m_detection_delay_timer_id
                0x0000000000003b44        0x4 Output/Release/Obj/MCPDriver/app_button.o
 .rodata.app_error_fault_handler.str1.1
                0x0000000000003b48       0x19 Output/Release/Obj/MCPDriver/app_error_weak.o
 .rodata.str1.1
                0x0000000000003b61        0xa Output/Release/Obj/MCPDriver/app_timer2.o
 .rodata.nrf_mem_reserve.str1.1
                0x0000000000003b6b       0x3c Output/Release/Obj/MCPDriver/mem_manager.o
 .rodata.nrf_malloc.str1.1
                0x0000000000003ba7       0x1a Output/Release/Obj/MCPDriver/mem_manager.o
 .rodata.str1.1
                0x0000000000003bc1        0x9 Output/Release/Obj/MCPDriver/mem_manager.o
 *fill*         0x0000000000003bca        0x2 
 .rodata.m_block_end
                0x0000000000003bcc       0x1c Output/Release/Obj/MCPDriver/mem_manager.o
 .rodata.m_block_mem_start
                0x0000000000003be8       0x1c Output/Release/Obj/MCPDriver/mem_manager.o
 .rodata.m_block_size
                0x0000000000003c04       0x1c Output/Release/Obj/MCPDriver/mem_manager.o
 .rodata.m_block_start
                0x0000000000003c20       0x1c Output/Release/Obj/MCPDriver/mem_manager.o
 .rodata._aV2C.0
                0x0000000000003c3c       0x10 Output/Release/Obj/MCPDriver/nrf_fprintf_format.o
 .rodata.libc.__RAL_find_locale.str1.4
                0x0000000000003c4c        0xa C:/Program Files/SEGGER/SEGGER Embedded Studio for ARM 5.68/lib/libc_v7em_fpv4_sp_d16_hard_t_le_eabi.a(libc2.o)
 *fill*         0x0000000000003c56        0x2 
 .rodata.libc.__RAL_ascii_ctype_map
                0x0000000000003c58       0x80 C:/Program Files/SEGGER/SEGGER Embedded Studio for ARM 5.68/lib/libc_v7em_fpv4_sp_d16_hard_t_le_eabi.a(libc2.o)
                0x0000000000003c58                __RAL_ascii_ctype_map
 .rodata.libc.__RAL_ascii_ctype_mask
                0x0000000000003cd8        0xd C:/Program Files/SEGGER/SEGGER Embedded Studio for ARM 5.68/lib/libc_v7em_fpv4_sp_d16_hard_t_le_eabi.a(libc2.o)
 *fill*         0x0000000000003ce5        0x3 
 .rodata.libc.__RAL_c_locale
                0x0000000000003ce8        0xc C:/Program Files/SEGGER/SEGGER Embedded Studio for ARM 5.68/lib/libc_v7em_fpv4_sp_d16_hard_t_le_eabi.a(libc2.o)
                0x0000000000003ce8                __RAL_c_locale
 .rodata.libc.__RAL_c_locale_abbrev_day_names
                0x0000000000003cf4       0x1d C:/Program Files/SEGGER/SEGGER Embedded Studio for ARM 5.68/lib/libc_v7em_fpv4_sp_d16_hard_t_le_eabi.a(libc2.o)
                0x0000000000003cf4                __RAL_c_locale_abbrev_day_names
 *fill*         0x0000000000003d11        0x3 
 .rodata.libc.__RAL_c_locale_abbrev_month_names
                0x0000000000003d14       0x31 C:/Program Files/SEGGER/SEGGER Embedded Studio for ARM 5.68/lib/libc_v7em_fpv4_sp_d16_hard_t_le_eabi.a(libc2.o)
                0x0000000000003d14                __RAL_c_locale_abbrev_month_names
 *fill*         0x0000000000003d45        0x3 
 .rodata.libc.__RAL_c_locale_am_pm_indicator
                0x0000000000003d48        0x7 C:/Program Files/SEGGER/SEGGER Embedded Studio for ARM 5.68/lib/libc_v7em_fpv4_sp_d16_hard_t_le_eabi.a(libc2.o)
                0x0000000000003d48                __RAL_c_locale_am_pm_indicator
 *fill*         0x0000000000003d4f        0x1 
 .rodata.libc.__RAL_c_locale_data
                0x0000000000003d50       0x58 C:/Program Files/SEGGER/SEGGER Embedded Studio for ARM 5.68/lib/libc_v7em_fpv4_sp_d16_hard_t_le_eabi.a(libc2.o)
                0x0000000000003d50                __RAL_c_locale_data
 .rodata.libc.__RAL_c_locale_date_format
                0x0000000000003da8        0x9 C:/Program Files/SEGGER/SEGGER Embedded Studio for ARM 5.68/lib/libc_v7em_fpv4_sp_d16_hard_t_le_eabi.a(libc2.o)
                0x0000000000003da8                __RAL_c_locale_date_format
 *fill*         0x0000000000003db1        0x3 
 .rodata.libc.__RAL_c_locale_date_time_format
                0x0000000000003db4        0xf C:/Program Files/SEGGER/SEGGER Embedded Studio for ARM 5.68/lib/libc_v7em_fpv4_sp_d16_hard_t_le_eabi.a(libc2.o)
                0x0000000000003db4                __RAL_c_locale_date_time_format
 *fill*         0x0000000000003dc3        0x1 
 .rodata.libc.__RAL_c_locale_day_names
                0x0000000000003dc4       0x3a C:/Program Files/SEGGER/SEGGER Embedded Studio for ARM 5.68/lib/libc_v7em_fpv4_sp_d16_hard_t_le_eabi.a(libc2.o)
                0x0000000000003dc4                __RAL_c_locale_day_names
 *fill*         0x0000000000003dfe        0x2 
 .rodata.libc.__RAL_c_locale_month_names
                0x0000000000003e00       0x57 C:/Program Files/SEGGER/SEGGER Embedded Studio for ARM 5.68/lib/libc_v7em_fpv4_sp_d16_hard_t_le_eabi.a(libc2.o)
                0x0000000000003e00                __RAL_c_locale_month_names
 *fill*         0x0000000000003e57        0x1 
 .rodata.libc.__RAL_c_locale_time_format
                0x0000000000003e58        0x9 C:/Program Files/SEGGER/SEGGER Embedded Studio for ARM 5.68/lib/libc_v7em_fpv4_sp_d16_hard_t_le_eabi.a(libc2.o)
                0x0000000000003e58                __RAL_c_locale_time_format
 *fill*         0x0000000000003e61        0x3 
 .rodata.libc.__RAL_codeset_ascii
                0x0000000000003e64       0x20 C:/Program Files/SEGGER/SEGGER Embedded Studio for ARM 5.68/lib/libc_v7em_fpv4_sp_d16_hard_t_le_eabi.a(libc2.o)
                0x0000000000003e64                __RAL_codeset_ascii
 .rodata.libc.__RAL_data_empty_string
                0x0000000000003e84        0x1 C:/Program Files/SEGGER/SEGGER Embedded Studio for ARM 5.68/lib/libc_v7em_fpv4_sp_d16_hard_t_le_eabi.a(libc2.o)
                0x0000000000003e84                __RAL_data_empty_string
 *fill*         0x0000000000003e85        0x3 
 .rodata.libc.__RAL_data_utf8_period
                0x0000000000003e88        0x2 C:/Program Files/SEGGER/SEGGER Embedded Studio for ARM 5.68/lib/libc_v7em_fpv4_sp_d16_hard_t_le_eabi.a(libc2.o)
                0x0000000000003e88                __RAL_data_utf8_period
                0x0000000000003e8a                __rodata_end__ = (__rodata_start__ + SIZEOF (.rodata))
                0x000000000000067a                __rodata_size__ = SIZEOF (.rodata)
                0x0000000000003e8a                __rodata_load_end__ = __rodata_end__

.rel.dyn        0x0000000000003e8c        0x0
 .rel.iplt      0x0000000000003e8c        0x0 Output/Release/Obj/MCPDriver/thumb_crt0.o
                0x0000000000000001                . = ASSERT (((__rodata_start__ == __rodata_end__) || ((__rodata_end__ - __FLASH_segment_start__) <= __FLASH_segment_size__)), error: .rodata is too large to fit in FLASH memory segment)
                0x0000000000003e8c                __ARM.exidx_load_start__ = ALIGN (__rodata_end__, 0x4)

.ARM.exidx      0x0000000000003e8c        0x0
                0x0000000000003e8c                __ARM.exidx_start__ = .
                0x0000000000003e8c                __exidx_start = __ARM.exidx_start__
 *(.ARM.exidx .ARM.exidx.*)
                0x0000000000003e8c                __ARM.exidx_end__ = (__ARM.exidx_start__ + SIZEOF (.ARM.exidx))
                0x0000000000000000                __ARM.exidx_size__ = SIZEOF (.ARM.exidx)
                0x0000000000003e8c                __exidx_end = __ARM.exidx_end__
                0x0000000000003e8c                __ARM.exidx_load_end__ = __ARM.exidx_end__
                0x0000000000000001                . = ASSERT (((__ARM.exidx_start__ == __ARM.exidx_end__) || ((__ARM.exidx_end__ - __FLASH_segment_start__) <= __FLASH_segment_size__)), error: .ARM.exidx is too large to fit in FLASH memory segment)
                0x0000000000003e8c                __fast_load_start__ = ALIGN (__ARM.exidx_end__, 0x4)

.fast           0x0000000020000000        0x0 load address 0x0000000000003e8c
                0x0000000020000000                __fast_start__ = .
 *(.fast .fast.*)
                0x0000000020000000                __fast_end__ = (__fast_start__ + SIZEOF (.fast))
                0x0000000000000000                __fast_size__ = SIZEOF (.fast)
                0x0000000000003e8c                __fast_load_end__ = (__fast_load_start__ + SIZEOF (.fast))
                0x0000000000000001                . = ASSERT (((__fast_load_start__ == __fast_load_end__) || ((__fast_load_end__ - __FLASH_segment_start__) <= __FLASH_segment_size__)), error: .fast is too large to fit in FLASH memory segment)

.fast_run       0x0000000020000000        0x0
                0x0000000020000000                __fast_run_start__ = .
                0x0000000020000000                __fast_run_end__ = (__fast_run_start__ + SIZEOF (.fast))
                0x0000000000000000                __fast_run_size__ = (__fast_run_end__ - __fast_run_start__)
                0x0000000020000000                __fast_run_load_end__ = __fast_run_end__
                0x0000000000000001                . = ASSERT (((__fast_run_start__ == __fast_run_end__) || ((__fast_run_end__ - __RAM1_segment_start__) <= __RAM1_segment_size__)), error: .fast_run is too large to fit in RAM1 memory segment)
                0x0000000000003e8c                __data_load_start__ = ALIGN ((__fast_load_start__ + SIZEOF (.fast)), 0x4)

.data           0x0000000020000000       0xac load address 0x0000000000003e8c
                0x0000000020000000                __data_start__ = .
 *(.data .data.* .gnu.linkonce.d.*)
 .data.m_bsp_alert_tmr_data
                0x0000000020000000       0x20 Output/Release/Obj/MCPDriver/bsp.o
 .data.m_bsp_button_tmr_data
                0x0000000020000020       0x20 Output/Release/Obj/MCPDriver/bsp.o
 .data.m_bsp_leds_tmr_data
                0x0000000020000040       0x20 Output/Release/Obj/MCPDriver/bsp.o
 .data.log_backend_cb_rtt_log_backend
                0x0000000020000060        0x8 Output/Release/Obj/MCPDriver/nrf_log_default_backends.o
 .data.spi_xfer_done
                0x0000000020000068        0x1 Output/Release/Obj/MCPDriver/mcp_can.o
 *fill*         0x0000000020000069        0x3 
 .data.SystemCoreClock
                0x000000002000006c        0x4 Output/Release/Obj/MCPDriver/system_nrf52840.o
                0x000000002000006c                SystemCoreClock
 .data.m_detection_delay_timer_id_data
                0x0000000020000070       0x20 Output/Release/Obj/MCPDriver/app_button.o
 .data.m_rtc_inst
                0x0000000020000090        0x8 Output/Release/Obj/MCPDriver/app_timer2.o
 .data.libc.__RAL_global_locale
                0x0000000020000098       0x14 C:/Program Files/SEGGER/SEGGER Embedded Studio for ARM 5.68/lib/libc_v7em_fpv4_sp_d16_hard_t_le_eabi.a(libc2.o)
                0x0000000020000098                __RAL_global_locale
                0x00000000200000ac                __data_end__ = (__data_start__ + SIZEOF (.data))
                0x00000000000000ac                __data_size__ = SIZEOF (.data)
                0x0000000000003f38                __data_load_end__ = (__data_load_start__ + SIZEOF (.data))

.igot.plt       0x0000000100000000        0x0
 .igot.plt      0x0000000100000000        0x0 Output/Release/Obj/MCPDriver/thumb_crt0.o
                0x0000000000000001                . = ASSERT (((__data_load_start__ == __data_load_end__) || ((__data_load_end__ - __FLASH_segment_start__) <= __FLASH_segment_size__)), error: .data is too large to fit in FLASH memory segment)

.data_run       0x0000000020000000        0x0
                0x0000000020000000                __data_run_start__ = .
                0x00000000200000ac                __data_run_end__ = (__data_run_start__ + SIZEOF (.data))
                0x00000000000000ac                __data_run_size__ = (__data_run_end__ - __data_run_start__)
                0x00000000200000ac                __data_run_load_end__ = __data_run_end__
                0x0000000000000001                . = ASSERT (((__data_run_start__ == __data_run_end__) || ((__data_run_end__ - __RAM1_segment_start__) <= __RAM1_segment_size__)), error: .data_run is too large to fit in RAM1 memory segment)
                0x0000000000003f38                __tdata_load_start__ = ALIGN ((__data_load_start__ + SIZEOF (.data)), 0x4)

.tdata          0x00000000200000ac        0x0 load address 0x0000000000003f38
                0x00000000200000ac                __tdata_start__ = .
 *(.tdata .tdata.*)
                0x00000000200000ac                __tdata_end__ = (__tdata_start__ + SIZEOF (.tdata))
                0x0000000000000000                __tdata_size__ = SIZEOF (.tdata)
                0x0000000000003f38                __tdata_load_end__ = (__tdata_load_start__ + SIZEOF (.tdata))
                0x0000000000003f38                __FLASH_segment_used_end__ = (ALIGN ((__data_load_start__ + SIZEOF (.data)), 0x4) + SIZEOF (.tdata))
                0x0000000000003f38                __FLASH_segment_used_size__ = (__FLASH_segment_used_end__ - __FLASH_segment_start__)
                0x0000000000000001                . = ASSERT (((__tdata_load_start__ == __tdata_load_end__) || ((__tdata_load_end__ - __FLASH_segment_start__) <= __FLASH_segment_size__)), error: .tdata is too large to fit in FLASH memory segment)

.tdata_run      0x00000000200000ac        0x0
                0x00000000200000ac                __tdata_run_start__ = .
                0x00000000200000ac                __tdata_run_end__ = (__tdata_run_start__ + SIZEOF (.tdata))
                0x0000000000000000                __tdata_run_size__ = (__tdata_run_end__ - __tdata_run_start__)
                0x00000000200000ac                __tdata_run_load_end__ = __tdata_run_end__
                0x0000000000000001                . = ASSERT (((__tdata_run_start__ == __tdata_run_end__) || ((__tdata_run_end__ - __RAM1_segment_start__) <= __RAM1_segment_size__)), error: .tdata_run is too large to fit in RAM1 memory segment)
                0x00000000200000ac                __bss_load_start__ = ALIGN (__tdata_run_end__, 0x4)

.bss            0x00000000200000ac     0x1c61
                0x00000000200000ac                __bss_start__ = .
 *(.bss .bss.* .gnu.linkonce.b.*)
 .bss.current_long_push_pin_no.1
                0x00000000200000ac        0x1 Output/Release/Obj/MCPDriver/bsp.o
 .bss.m_alert_on
                0x00000000200000ad        0x1 Output/Release/Obj/MCPDriver/bsp.o
 .bss.m_events_list
                0x00000000200000ae        0xc Output/Release/Obj/MCPDriver/bsp.o
 *fill*         0x00000000200000ba        0x2 
 .bss.m_indication_type
                0x00000000200000bc        0x4 Output/Release/Obj/MCPDriver/bsp.o
 .bss.m_leds_clear
                0x00000000200000c0        0x1 Output/Release/Obj/MCPDriver/bsp.o
 *fill*         0x00000000200000c1        0x3 
 .bss.m_registered_callback
                0x00000000200000c4        0x4 Output/Release/Obj/MCPDriver/bsp.o
 .bss.m_stable_state
                0x00000000200000c8        0x1 Output/Release/Obj/MCPDriver/bsp.o
 .bss.release_event_at_push.0
                0x00000000200000c9        0x4 Output/Release/Obj/MCPDriver/bsp.o
 .bss.m_rand_pool_nrf_queue_buffer
                0x00000000200000cd       0x41 Output/Release/Obj/MCPDriver/nrf_drv_rng.o
 *fill*         0x000000002000010e        0x2 
 .bss.m_rand_pool_nrf_queue_cb
                0x0000000020000110        0xc Output/Release/Obj/MCPDriver/nrf_drv_rng.o
 .bss.m_contexts
                0x000000002000011c       0x10 Output/Release/Obj/MCPDriver/nrf_drv_spi.o
 .bss.m_handlers
                0x000000002000012c       0x10 Output/Release/Obj/MCPDriver/nrf_drv_spi.o
 .bss.m_clock_cb
                0x000000002000013c        0x8 Output/Release/Obj/MCPDriver/nrfx_clock.o
 .bss.m_cb      0x0000000020000144       0x6c Output/Release/Obj/MCPDriver/nrfx_gpiote.o
 .bss.m_prs_box_4
                0x00000000200001b0        0x8 Output/Release/Obj/MCPDriver/nrfx_prs.o
 .bss.m_rng_hndl
                0x00000000200001b8        0x4 Output/Release/Obj/MCPDriver/nrfx_rng.o
 .bss.m_cb      0x00000000200001bc       0x24 Output/Release/Obj/MCPDriver/nrfx_spim.o
 .bss.log_mempool_nrf_balloc_cb
                0x00000000200001e0        0x8 Output/Release/Obj/MCPDriver/nrf_log_frontend.o
 .bss.log_mempool_nrf_balloc_pool_mem
                0x00000000200001e8      0x180 Output/Release/Obj/MCPDriver/nrf_log_frontend.o
 .bss.log_mempool_nrf_balloc_pool_stack
                0x0000000020000368       0x10 Output/Release/Obj/MCPDriver/nrf_log_frontend.o
 .bss.m_log_data
                0x0000000020000378      0x420 Output/Release/Obj/MCPDriver/nrf_log_frontend.o
 .bss.m_log_push_ringbuf_buf
                0x0000000020000798       0x80 Output/Release/Obj/MCPDriver/nrf_log_frontend.o
 .bss.m_log_push_ringbuf_cb
                0x0000000020000818       0x18 Output/Release/Obj/MCPDriver/nrf_log_frontend.o
 .bss.m_host_present
                0x0000000020000830        0x1 Output/Release/Obj/MCPDriver/nrf_log_backend_rtt.o
 .bss.m_string_buff
                0x0000000020000831       0x40 Output/Release/Obj/MCPDriver/nrf_log_backend_rtt.o
 *fill*         0x0000000020000871        0x3 
 .bss._SEGGER_RTT
                0x0000000020000874      0x198 Output/Release/Obj/MCPDriver/SEGGER_RTT.o
                0x0000000020000874                _SEGGER_RTT
 .bss._acDownBuffer
                0x0000000020000a0c       0x80 Output/Release/Obj/MCPDriver/SEGGER_RTT.o
 .bss._acUpBuffer
                0x0000000020000a8c     0x1000 Output/Release/Obj/MCPDriver/SEGGER_RTT.o
 .bss.m_mcp_can
                0x0000000020001a8c       0x14 Output/Release/Obj/MCPDriver/mcp_can.o
                0x0000000020001a8c                m_mcp_can
 .bss.m_nrf_sdh_enabled
                0x0000000020001aa0        0x1 Output/Release/Obj/MCPDriver/nrf_sdh.o
 .bss.m_button_count
                0x0000000020001aa1        0x1 Output/Release/Obj/MCPDriver/app_button.o
 *fill*         0x0000000020001aa2        0x2 
 .bss.m_detection_delay
                0x0000000020001aa4        0x4 Output/Release/Obj/MCPDriver/app_button.o
 .bss.m_pin_active
                0x0000000020001aa8        0x8 Output/Release/Obj/MCPDriver/app_button.o
 .bss.m_pin_states
                0x0000000020001ab0       0x20 Output/Release/Obj/MCPDriver/app_button.o
 .bss.mp_buttons
                0x0000000020001ad0        0x4 Output/Release/Obj/MCPDriver/app_button.o